ARM GAS  C:\Users\Karsten\AppData\Local\Temp\ccFWJHRR.s 			page 1


   1              		.cpu cortex-m0
   2              		.fpu softvfp
   3              		.eabi_attribute 20, 1
   4              		.eabi_attribute 21, 1
   5              		.eabi_attribute 23, 3
   6              		.eabi_attribute 24, 1
   7              		.eabi_attribute 25, 1
   8              		.eabi_attribute 26, 1
   9              		.eabi_attribute 30, 6
  10              		.eabi_attribute 34, 0
  11              		.eabi_attribute 18, 4
  12              		.code	16
  13              		.file	"LCD_Char_1_LCDPort.c"
  14              		.text
  15              	.Ltext0:
  16              		.cfi_sections	.debug_frame
  17              		.section	.text.LCD_Char_1_LCDPort_Write,"ax",%progbits
  18              		.align	2
  19              		.global	LCD_Char_1_LCDPort_Write
  20              		.code	16
  21              		.thumb_func
  22              		.type	LCD_Char_1_LCDPort_Write, %function
  23              	LCD_Char_1_LCDPort_Write:
  24              	.LFB0:
  25              		.file 1 ".\\Generated_Source\\PSoC4\\LCD_Char_1_LCDPort.c"
   1:.\Generated_Source\PSoC4/LCD_Char_1_LCDPort.c **** /*******************************************************************************
   2:.\Generated_Source\PSoC4/LCD_Char_1_LCDPort.c **** * File Name: LCD_Char_1_LCDPort.c  
   3:.\Generated_Source\PSoC4/LCD_Char_1_LCDPort.c **** * Version 2.10
   4:.\Generated_Source\PSoC4/LCD_Char_1_LCDPort.c **** *
   5:.\Generated_Source\PSoC4/LCD_Char_1_LCDPort.c **** * Description:
   6:.\Generated_Source\PSoC4/LCD_Char_1_LCDPort.c **** *  This file contains API to enable firmware control of a Pins component.
   7:.\Generated_Source\PSoC4/LCD_Char_1_LCDPort.c **** *
   8:.\Generated_Source\PSoC4/LCD_Char_1_LCDPort.c **** * Note:
   9:.\Generated_Source\PSoC4/LCD_Char_1_LCDPort.c **** *
  10:.\Generated_Source\PSoC4/LCD_Char_1_LCDPort.c **** ********************************************************************************
  11:.\Generated_Source\PSoC4/LCD_Char_1_LCDPort.c **** * Copyright 2008-2014, Cypress Semiconductor Corporation.  All rights reserved.
  12:.\Generated_Source\PSoC4/LCD_Char_1_LCDPort.c **** * You may use this file only in accordance with the license, terms, conditions, 
  13:.\Generated_Source\PSoC4/LCD_Char_1_LCDPort.c **** * disclaimers, and limitations in the end user license agreement accompanying 
  14:.\Generated_Source\PSoC4/LCD_Char_1_LCDPort.c **** * the software package with which this file was provided.
  15:.\Generated_Source\PSoC4/LCD_Char_1_LCDPort.c **** *******************************************************************************/
  16:.\Generated_Source\PSoC4/LCD_Char_1_LCDPort.c **** 
  17:.\Generated_Source\PSoC4/LCD_Char_1_LCDPort.c **** #include "cytypes.h"
  18:.\Generated_Source\PSoC4/LCD_Char_1_LCDPort.c **** #include "LCD_Char_1_LCDPort.h"
  19:.\Generated_Source\PSoC4/LCD_Char_1_LCDPort.c **** 
  20:.\Generated_Source\PSoC4/LCD_Char_1_LCDPort.c **** #define SetP4PinDriveMode(shift, mode)  \
  21:.\Generated_Source\PSoC4/LCD_Char_1_LCDPort.c ****     do { \
  22:.\Generated_Source\PSoC4/LCD_Char_1_LCDPort.c ****         LCD_Char_1_LCDPort_PC =   (LCD_Char_1_LCDPort_PC & \
  23:.\Generated_Source\PSoC4/LCD_Char_1_LCDPort.c ****                                 (uint32)(~(uint32)(LCD_Char_1_LCDPort_DRIVE_MODE_IND_MASK << (LCD_C
  24:.\Generated_Source\PSoC4/LCD_Char_1_LCDPort.c ****                                 (uint32)((uint32)(mode) << (LCD_Char_1_LCDPort_DRIVE_MODE_BITS * (s
  25:.\Generated_Source\PSoC4/LCD_Char_1_LCDPort.c ****     } while (0)
  26:.\Generated_Source\PSoC4/LCD_Char_1_LCDPort.c **** 
  27:.\Generated_Source\PSoC4/LCD_Char_1_LCDPort.c **** 
  28:.\Generated_Source\PSoC4/LCD_Char_1_LCDPort.c **** /*******************************************************************************
  29:.\Generated_Source\PSoC4/LCD_Char_1_LCDPort.c **** * Function Name: LCD_Char_1_LCDPort_Write
  30:.\Generated_Source\PSoC4/LCD_Char_1_LCDPort.c **** ********************************************************************************
  31:.\Generated_Source\PSoC4/LCD_Char_1_LCDPort.c **** *
  32:.\Generated_Source\PSoC4/LCD_Char_1_LCDPort.c **** * Summary:
ARM GAS  C:\Users\Karsten\AppData\Local\Temp\ccFWJHRR.s 			page 2


  33:.\Generated_Source\PSoC4/LCD_Char_1_LCDPort.c **** *  Assign a new value to the digital port's data output register.  
  34:.\Generated_Source\PSoC4/LCD_Char_1_LCDPort.c **** *
  35:.\Generated_Source\PSoC4/LCD_Char_1_LCDPort.c **** * Parameters:  
  36:.\Generated_Source\PSoC4/LCD_Char_1_LCDPort.c **** *  prtValue:  The value to be assigned to the Digital Port. 
  37:.\Generated_Source\PSoC4/LCD_Char_1_LCDPort.c **** *
  38:.\Generated_Source\PSoC4/LCD_Char_1_LCDPort.c **** * Return: 
  39:.\Generated_Source\PSoC4/LCD_Char_1_LCDPort.c **** *  None 
  40:.\Generated_Source\PSoC4/LCD_Char_1_LCDPort.c **** *  
  41:.\Generated_Source\PSoC4/LCD_Char_1_LCDPort.c **** *******************************************************************************/
  42:.\Generated_Source\PSoC4/LCD_Char_1_LCDPort.c **** void LCD_Char_1_LCDPort_Write(uint8 value) 
  43:.\Generated_Source\PSoC4/LCD_Char_1_LCDPort.c **** {
  26              		.loc 1 43 0
  27              		.cfi_startproc
  28 0000 80B5     		push	{r7, lr}
  29              		.cfi_def_cfa_offset 8
  30              		.cfi_offset 7, -8
  31              		.cfi_offset 14, -4
  32 0002 84B0     		sub	sp, sp, #16
  33              		.cfi_def_cfa_offset 24
  34 0004 00AF     		add	r7, sp, #0
  35              		.cfi_def_cfa_register 7
  36 0006 021C     		mov	r2, r0
  37 0008 FB1D     		add	r3, r7, #7
  38 000a 1A70     		strb	r2, [r3]
  44:.\Generated_Source\PSoC4/LCD_Char_1_LCDPort.c ****     uint8 drVal = (uint8)(LCD_Char_1_LCDPort_DR & (uint8)(~LCD_Char_1_LCDPort_MASK));
  39              		.loc 1 44 0
  40 000c 0D4B     		ldr	r3, .L2
  41 000e 1B68     		ldr	r3, [r3]
  42 0010 D9B2     		uxtb	r1, r3
  43 0012 3B1C     		mov	r3, r7
  44 0014 0F33     		add	r3, r3, #15
  45 0016 0122     		mov	r2, #1
  46 0018 0A40     		and	r2, r1
  47 001a 1A70     		strb	r2, [r3]
  45:.\Generated_Source\PSoC4/LCD_Char_1_LCDPort.c ****     drVal = (drVal | ((uint8)(value << LCD_Char_1_LCDPort_SHIFT) & LCD_Char_1_LCDPort_MASK));
  48              		.loc 1 45 0
  49 001c FB1D     		add	r3, r7, #7
  50 001e 1B78     		ldrb	r3, [r3]
  51 0020 DB18     		add	r3, r3, r3
  52 0022 D9B2     		uxtb	r1, r3
  53 0024 3B1C     		mov	r3, r7
  54 0026 0F33     		add	r3, r3, #15
  55 0028 3A1C     		mov	r2, r7
  56 002a 0F32     		add	r2, r2, #15
  57 002c 1278     		ldrb	r2, [r2]
  58 002e 0A43     		orr	r2, r1
  59 0030 1A70     		strb	r2, [r3]
  46:.\Generated_Source\PSoC4/LCD_Char_1_LCDPort.c ****     LCD_Char_1_LCDPort_DR = (uint32)drVal;
  60              		.loc 1 46 0
  61 0032 044B     		ldr	r3, .L2
  62 0034 3A1C     		mov	r2, r7
  63 0036 0F32     		add	r2, r2, #15
  64 0038 1278     		ldrb	r2, [r2]
  65 003a 1A60     		str	r2, [r3]
  47:.\Generated_Source\PSoC4/LCD_Char_1_LCDPort.c **** }
  66              		.loc 1 47 0
  67 003c BD46     		mov	sp, r7
ARM GAS  C:\Users\Karsten\AppData\Local\Temp\ccFWJHRR.s 			page 3


  68 003e 04B0     		add	sp, sp, #16
  69              		@ sp needed
  70 0040 80BD     		pop	{r7, pc}
  71              	.L3:
  72 0042 C046     		.align	2
  73              	.L2:
  74 0044 00020440 		.word	1074004480
  75              		.cfi_endproc
  76              	.LFE0:
  77              		.size	LCD_Char_1_LCDPort_Write, .-LCD_Char_1_LCDPort_Write
  78              		.section	.text.LCD_Char_1_LCDPort_SetDriveMode,"ax",%progbits
  79              		.align	2
  80              		.global	LCD_Char_1_LCDPort_SetDriveMode
  81              		.code	16
  82              		.thumb_func
  83              		.type	LCD_Char_1_LCDPort_SetDriveMode, %function
  84              	LCD_Char_1_LCDPort_SetDriveMode:
  85              	.LFB1:
  48:.\Generated_Source\PSoC4/LCD_Char_1_LCDPort.c **** 
  49:.\Generated_Source\PSoC4/LCD_Char_1_LCDPort.c **** 
  50:.\Generated_Source\PSoC4/LCD_Char_1_LCDPort.c **** /*******************************************************************************
  51:.\Generated_Source\PSoC4/LCD_Char_1_LCDPort.c **** * Function Name: LCD_Char_1_LCDPort_SetDriveMode
  52:.\Generated_Source\PSoC4/LCD_Char_1_LCDPort.c **** ********************************************************************************
  53:.\Generated_Source\PSoC4/LCD_Char_1_LCDPort.c **** *
  54:.\Generated_Source\PSoC4/LCD_Char_1_LCDPort.c **** * Summary:
  55:.\Generated_Source\PSoC4/LCD_Char_1_LCDPort.c **** *  Change the drive mode on the pins of the port.
  56:.\Generated_Source\PSoC4/LCD_Char_1_LCDPort.c **** * 
  57:.\Generated_Source\PSoC4/LCD_Char_1_LCDPort.c **** * Parameters:  
  58:.\Generated_Source\PSoC4/LCD_Char_1_LCDPort.c **** *  mode:  Change the pins to one of the following drive modes.
  59:.\Generated_Source\PSoC4/LCD_Char_1_LCDPort.c **** *
  60:.\Generated_Source\PSoC4/LCD_Char_1_LCDPort.c **** *  LCD_Char_1_LCDPort_DM_STRONG     Strong Drive 
  61:.\Generated_Source\PSoC4/LCD_Char_1_LCDPort.c **** *  LCD_Char_1_LCDPort_DM_OD_HI      Open Drain, Drives High 
  62:.\Generated_Source\PSoC4/LCD_Char_1_LCDPort.c **** *  LCD_Char_1_LCDPort_DM_OD_LO      Open Drain, Drives Low 
  63:.\Generated_Source\PSoC4/LCD_Char_1_LCDPort.c **** *  LCD_Char_1_LCDPort_DM_RES_UP     Resistive Pull Up 
  64:.\Generated_Source\PSoC4/LCD_Char_1_LCDPort.c **** *  LCD_Char_1_LCDPort_DM_RES_DWN    Resistive Pull Down 
  65:.\Generated_Source\PSoC4/LCD_Char_1_LCDPort.c **** *  LCD_Char_1_LCDPort_DM_RES_UPDWN  Resistive Pull Up/Down 
  66:.\Generated_Source\PSoC4/LCD_Char_1_LCDPort.c **** *  LCD_Char_1_LCDPort_DM_DIG_HIZ    High Impedance Digital 
  67:.\Generated_Source\PSoC4/LCD_Char_1_LCDPort.c **** *  LCD_Char_1_LCDPort_DM_ALG_HIZ    High Impedance Analog 
  68:.\Generated_Source\PSoC4/LCD_Char_1_LCDPort.c **** *
  69:.\Generated_Source\PSoC4/LCD_Char_1_LCDPort.c **** * Return: 
  70:.\Generated_Source\PSoC4/LCD_Char_1_LCDPort.c **** *  None
  71:.\Generated_Source\PSoC4/LCD_Char_1_LCDPort.c **** *
  72:.\Generated_Source\PSoC4/LCD_Char_1_LCDPort.c **** *******************************************************************************/
  73:.\Generated_Source\PSoC4/LCD_Char_1_LCDPort.c **** void LCD_Char_1_LCDPort_SetDriveMode(uint8 mode) 
  74:.\Generated_Source\PSoC4/LCD_Char_1_LCDPort.c **** {
  86              		.loc 1 74 0
  87              		.cfi_startproc
  88 0000 80B5     		push	{r7, lr}
  89              		.cfi_def_cfa_offset 8
  90              		.cfi_offset 7, -8
  91              		.cfi_offset 14, -4
  92 0002 82B0     		sub	sp, sp, #8
  93              		.cfi_def_cfa_offset 16
  94 0004 00AF     		add	r7, sp, #0
  95              		.cfi_def_cfa_register 7
  96 0006 021C     		mov	r2, r0
  97 0008 FB1D     		add	r3, r7, #7
ARM GAS  C:\Users\Karsten\AppData\Local\Temp\ccFWJHRR.s 			page 4


  98 000a 1A70     		strb	r2, [r3]
  75:.\Generated_Source\PSoC4/LCD_Char_1_LCDPort.c **** 	SetP4PinDriveMode(LCD_Char_1_LCDPort__0__SHIFT, mode);
  99              		.loc 1 75 0
 100 000c 254B     		ldr	r3, .L5
 101 000e 254A     		ldr	r2, .L5
 102 0010 1268     		ldr	r2, [r2]
 103 0012 3821     		mov	r1, #56
 104 0014 101C     		mov	r0, r2
 105 0016 8843     		bic	r0, r1
 106 0018 011C     		mov	r1, r0
 107 001a FA1D     		add	r2, r7, #7
 108 001c 1278     		ldrb	r2, [r2]
 109 001e D200     		lsl	r2, r2, #3
 110 0020 0A43     		orr	r2, r1
 111 0022 1A60     		str	r2, [r3]
  76:.\Generated_Source\PSoC4/LCD_Char_1_LCDPort.c **** 	SetP4PinDriveMode(LCD_Char_1_LCDPort__1__SHIFT, mode);
 112              		.loc 1 76 0
 113 0024 1F4B     		ldr	r3, .L5
 114 0026 1F4A     		ldr	r2, .L5
 115 0028 1168     		ldr	r1, [r2]
 116 002a 1F4A     		ldr	r2, .L5+4
 117 002c 1140     		and	r1, r2
 118 002e FA1D     		add	r2, r7, #7
 119 0030 1278     		ldrb	r2, [r2]
 120 0032 9201     		lsl	r2, r2, #6
 121 0034 0A43     		orr	r2, r1
 122 0036 1A60     		str	r2, [r3]
  77:.\Generated_Source\PSoC4/LCD_Char_1_LCDPort.c **** 	SetP4PinDriveMode(LCD_Char_1_LCDPort__2__SHIFT, mode);
 123              		.loc 1 77 0
 124 0038 1A4B     		ldr	r3, .L5
 125 003a 1A4A     		ldr	r2, .L5
 126 003c 1168     		ldr	r1, [r2]
 127 003e 1B4A     		ldr	r2, .L5+8
 128 0040 1140     		and	r1, r2
 129 0042 FA1D     		add	r2, r7, #7
 130 0044 1278     		ldrb	r2, [r2]
 131 0046 5202     		lsl	r2, r2, #9
 132 0048 0A43     		orr	r2, r1
 133 004a 1A60     		str	r2, [r3]
  78:.\Generated_Source\PSoC4/LCD_Char_1_LCDPort.c **** 	SetP4PinDriveMode(LCD_Char_1_LCDPort__3__SHIFT, mode);
 134              		.loc 1 78 0
 135 004c 154B     		ldr	r3, .L5
 136 004e 154A     		ldr	r2, .L5
 137 0050 1168     		ldr	r1, [r2]
 138 0052 174A     		ldr	r2, .L5+12
 139 0054 1140     		and	r1, r2
 140 0056 FA1D     		add	r2, r7, #7
 141 0058 1278     		ldrb	r2, [r2]
 142 005a 1203     		lsl	r2, r2, #12
 143 005c 0A43     		orr	r2, r1
 144 005e 1A60     		str	r2, [r3]
  79:.\Generated_Source\PSoC4/LCD_Char_1_LCDPort.c **** 	SetP4PinDriveMode(LCD_Char_1_LCDPort__4__SHIFT, mode);
 145              		.loc 1 79 0
 146 0060 104B     		ldr	r3, .L5
 147 0062 104A     		ldr	r2, .L5
 148 0064 1168     		ldr	r1, [r2]
 149 0066 134A     		ldr	r2, .L5+16
ARM GAS  C:\Users\Karsten\AppData\Local\Temp\ccFWJHRR.s 			page 5


 150 0068 1140     		and	r1, r2
 151 006a FA1D     		add	r2, r7, #7
 152 006c 1278     		ldrb	r2, [r2]
 153 006e D203     		lsl	r2, r2, #15
 154 0070 0A43     		orr	r2, r1
 155 0072 1A60     		str	r2, [r3]
  80:.\Generated_Source\PSoC4/LCD_Char_1_LCDPort.c **** 	SetP4PinDriveMode(LCD_Char_1_LCDPort__5__SHIFT, mode);
 156              		.loc 1 80 0
 157 0074 0B4B     		ldr	r3, .L5
 158 0076 0B4A     		ldr	r2, .L5
 159 0078 1168     		ldr	r1, [r2]
 160 007a 0F4A     		ldr	r2, .L5+20
 161 007c 1140     		and	r1, r2
 162 007e FA1D     		add	r2, r7, #7
 163 0080 1278     		ldrb	r2, [r2]
 164 0082 9204     		lsl	r2, r2, #18
 165 0084 0A43     		orr	r2, r1
 166 0086 1A60     		str	r2, [r3]
  81:.\Generated_Source\PSoC4/LCD_Char_1_LCDPort.c **** 	SetP4PinDriveMode(LCD_Char_1_LCDPort__6__SHIFT, mode);
 167              		.loc 1 81 0
 168 0088 064B     		ldr	r3, .L5
 169 008a 064A     		ldr	r2, .L5
 170 008c 1168     		ldr	r1, [r2]
 171 008e 0B4A     		ldr	r2, .L5+24
 172 0090 1140     		and	r1, r2
 173 0092 FA1D     		add	r2, r7, #7
 174 0094 1278     		ldrb	r2, [r2]
 175 0096 5205     		lsl	r2, r2, #21
 176 0098 0A43     		orr	r2, r1
 177 009a 1A60     		str	r2, [r3]
  82:.\Generated_Source\PSoC4/LCD_Char_1_LCDPort.c **** }
 178              		.loc 1 82 0
 179 009c BD46     		mov	sp, r7
 180 009e 02B0     		add	sp, sp, #8
 181              		@ sp needed
 182 00a0 80BD     		pop	{r7, pc}
 183              	.L6:
 184 00a2 C046     		.align	2
 185              	.L5:
 186 00a4 08020440 		.word	1074004488
 187 00a8 3FFEFFFF 		.word	-449
 188 00ac FFF1FFFF 		.word	-3585
 189 00b0 FF8FFFFF 		.word	-28673
 190 00b4 FF7FFCFF 		.word	-229377
 191 00b8 FFFFE3FF 		.word	-1835009
 192 00bc FFFF1FFF 		.word	-14680065
 193              		.cfi_endproc
 194              	.LFE1:
 195              		.size	LCD_Char_1_LCDPort_SetDriveMode, .-LCD_Char_1_LCDPort_SetDriveMode
 196              		.section	.text.LCD_Char_1_LCDPort_Read,"ax",%progbits
 197              		.align	2
 198              		.global	LCD_Char_1_LCDPort_Read
 199              		.code	16
 200              		.thumb_func
 201              		.type	LCD_Char_1_LCDPort_Read, %function
 202              	LCD_Char_1_LCDPort_Read:
 203              	.LFB2:
ARM GAS  C:\Users\Karsten\AppData\Local\Temp\ccFWJHRR.s 			page 6


  83:.\Generated_Source\PSoC4/LCD_Char_1_LCDPort.c **** 
  84:.\Generated_Source\PSoC4/LCD_Char_1_LCDPort.c **** 
  85:.\Generated_Source\PSoC4/LCD_Char_1_LCDPort.c **** /*******************************************************************************
  86:.\Generated_Source\PSoC4/LCD_Char_1_LCDPort.c **** * Function Name: LCD_Char_1_LCDPort_Read
  87:.\Generated_Source\PSoC4/LCD_Char_1_LCDPort.c **** ********************************************************************************
  88:.\Generated_Source\PSoC4/LCD_Char_1_LCDPort.c **** *
  89:.\Generated_Source\PSoC4/LCD_Char_1_LCDPort.c **** * Summary:
  90:.\Generated_Source\PSoC4/LCD_Char_1_LCDPort.c **** *  Read the current value on the pins of the Digital Port in right justified 
  91:.\Generated_Source\PSoC4/LCD_Char_1_LCDPort.c **** *  form.
  92:.\Generated_Source\PSoC4/LCD_Char_1_LCDPort.c **** *
  93:.\Generated_Source\PSoC4/LCD_Char_1_LCDPort.c **** * Parameters:  
  94:.\Generated_Source\PSoC4/LCD_Char_1_LCDPort.c **** *  None 
  95:.\Generated_Source\PSoC4/LCD_Char_1_LCDPort.c **** *
  96:.\Generated_Source\PSoC4/LCD_Char_1_LCDPort.c **** * Return: 
  97:.\Generated_Source\PSoC4/LCD_Char_1_LCDPort.c **** *  Returns the current value of the Digital Port as a right justified number
  98:.\Generated_Source\PSoC4/LCD_Char_1_LCDPort.c **** *  
  99:.\Generated_Source\PSoC4/LCD_Char_1_LCDPort.c **** * Note:
 100:.\Generated_Source\PSoC4/LCD_Char_1_LCDPort.c **** *  Macro LCD_Char_1_LCDPort_ReadPS calls this function. 
 101:.\Generated_Source\PSoC4/LCD_Char_1_LCDPort.c **** *  
 102:.\Generated_Source\PSoC4/LCD_Char_1_LCDPort.c **** *******************************************************************************/
 103:.\Generated_Source\PSoC4/LCD_Char_1_LCDPort.c **** uint8 LCD_Char_1_LCDPort_Read(void) 
 104:.\Generated_Source\PSoC4/LCD_Char_1_LCDPort.c **** {
 204              		.loc 1 104 0
 205              		.cfi_startproc
 206 0000 80B5     		push	{r7, lr}
 207              		.cfi_def_cfa_offset 8
 208              		.cfi_offset 7, -8
 209              		.cfi_offset 14, -4
 210 0002 00AF     		add	r7, sp, #0
 211              		.cfi_def_cfa_register 7
 105:.\Generated_Source\PSoC4/LCD_Char_1_LCDPort.c ****     return (uint8)((LCD_Char_1_LCDPort_PS & LCD_Char_1_LCDPort_MASK) >> LCD_Char_1_LCDPort_SHIFT);
 212              		.loc 1 105 0
 213 0004 044B     		ldr	r3, .L9
 214 0006 1A68     		ldr	r2, [r3]
 215 0008 FE23     		mov	r3, #254
 216 000a 1340     		and	r3, r2
 217 000c 5B08     		lsr	r3, r3, #1
 218 000e DBB2     		uxtb	r3, r3
 106:.\Generated_Source\PSoC4/LCD_Char_1_LCDPort.c **** }
 219              		.loc 1 106 0
 220 0010 181C     		mov	r0, r3
 221 0012 BD46     		mov	sp, r7
 222              		@ sp needed
 223 0014 80BD     		pop	{r7, pc}
 224              	.L10:
 225 0016 C046     		.align	2
 226              	.L9:
 227 0018 04020440 		.word	1074004484
 228              		.cfi_endproc
 229              	.LFE2:
 230              		.size	LCD_Char_1_LCDPort_Read, .-LCD_Char_1_LCDPort_Read
 231              		.section	.text.LCD_Char_1_LCDPort_ReadDataReg,"ax",%progbits
 232              		.align	2
 233              		.global	LCD_Char_1_LCDPort_ReadDataReg
 234              		.code	16
 235              		.thumb_func
 236              		.type	LCD_Char_1_LCDPort_ReadDataReg, %function
ARM GAS  C:\Users\Karsten\AppData\Local\Temp\ccFWJHRR.s 			page 7


 237              	LCD_Char_1_LCDPort_ReadDataReg:
 238              	.LFB3:
 107:.\Generated_Source\PSoC4/LCD_Char_1_LCDPort.c **** 
 108:.\Generated_Source\PSoC4/LCD_Char_1_LCDPort.c **** 
 109:.\Generated_Source\PSoC4/LCD_Char_1_LCDPort.c **** /*******************************************************************************
 110:.\Generated_Source\PSoC4/LCD_Char_1_LCDPort.c **** * Function Name: LCD_Char_1_LCDPort_ReadDataReg
 111:.\Generated_Source\PSoC4/LCD_Char_1_LCDPort.c **** ********************************************************************************
 112:.\Generated_Source\PSoC4/LCD_Char_1_LCDPort.c **** *
 113:.\Generated_Source\PSoC4/LCD_Char_1_LCDPort.c **** * Summary:
 114:.\Generated_Source\PSoC4/LCD_Char_1_LCDPort.c **** *  Read the current value assigned to a Digital Port's data output register
 115:.\Generated_Source\PSoC4/LCD_Char_1_LCDPort.c **** *
 116:.\Generated_Source\PSoC4/LCD_Char_1_LCDPort.c **** * Parameters:  
 117:.\Generated_Source\PSoC4/LCD_Char_1_LCDPort.c **** *  None 
 118:.\Generated_Source\PSoC4/LCD_Char_1_LCDPort.c **** *
 119:.\Generated_Source\PSoC4/LCD_Char_1_LCDPort.c **** * Return: 
 120:.\Generated_Source\PSoC4/LCD_Char_1_LCDPort.c **** *  Returns the current value assigned to the Digital Port's data output register
 121:.\Generated_Source\PSoC4/LCD_Char_1_LCDPort.c **** *  
 122:.\Generated_Source\PSoC4/LCD_Char_1_LCDPort.c **** *******************************************************************************/
 123:.\Generated_Source\PSoC4/LCD_Char_1_LCDPort.c **** uint8 LCD_Char_1_LCDPort_ReadDataReg(void) 
 124:.\Generated_Source\PSoC4/LCD_Char_1_LCDPort.c **** {
 239              		.loc 1 124 0
 240              		.cfi_startproc
 241 0000 80B5     		push	{r7, lr}
 242              		.cfi_def_cfa_offset 8
 243              		.cfi_offset 7, -8
 244              		.cfi_offset 14, -4
 245 0002 00AF     		add	r7, sp, #0
 246              		.cfi_def_cfa_register 7
 125:.\Generated_Source\PSoC4/LCD_Char_1_LCDPort.c ****     return (uint8)((LCD_Char_1_LCDPort_DR & LCD_Char_1_LCDPort_MASK) >> LCD_Char_1_LCDPort_SHIFT);
 247              		.loc 1 125 0
 248 0004 044B     		ldr	r3, .L13
 249 0006 1A68     		ldr	r2, [r3]
 250 0008 FE23     		mov	r3, #254
 251 000a 1340     		and	r3, r2
 252 000c 5B08     		lsr	r3, r3, #1
 253 000e DBB2     		uxtb	r3, r3
 126:.\Generated_Source\PSoC4/LCD_Char_1_LCDPort.c **** }
 254              		.loc 1 126 0
 255 0010 181C     		mov	r0, r3
 256 0012 BD46     		mov	sp, r7
 257              		@ sp needed
 258 0014 80BD     		pop	{r7, pc}
 259              	.L14:
 260 0016 C046     		.align	2
 261              	.L13:
 262 0018 00020440 		.word	1074004480
 263              		.cfi_endproc
 264              	.LFE3:
 265              		.size	LCD_Char_1_LCDPort_ReadDataReg, .-LCD_Char_1_LCDPort_ReadDataReg
 266              		.section	.text.LCD_Char_1_LCDPort_ClearInterrupt,"ax",%progbits
 267              		.align	2
 268              		.global	LCD_Char_1_LCDPort_ClearInterrupt
 269              		.code	16
 270              		.thumb_func
 271              		.type	LCD_Char_1_LCDPort_ClearInterrupt, %function
 272              	LCD_Char_1_LCDPort_ClearInterrupt:
 273              	.LFB4:
ARM GAS  C:\Users\Karsten\AppData\Local\Temp\ccFWJHRR.s 			page 8


 127:.\Generated_Source\PSoC4/LCD_Char_1_LCDPort.c **** 
 128:.\Generated_Source\PSoC4/LCD_Char_1_LCDPort.c **** 
 129:.\Generated_Source\PSoC4/LCD_Char_1_LCDPort.c **** /* If Interrupts Are Enabled for this Pins component */ 
 130:.\Generated_Source\PSoC4/LCD_Char_1_LCDPort.c **** #if defined(LCD_Char_1_LCDPort_INTSTAT) 
 131:.\Generated_Source\PSoC4/LCD_Char_1_LCDPort.c **** 
 132:.\Generated_Source\PSoC4/LCD_Char_1_LCDPort.c ****     /*******************************************************************************
 133:.\Generated_Source\PSoC4/LCD_Char_1_LCDPort.c ****     * Function Name: LCD_Char_1_LCDPort_ClearInterrupt
 134:.\Generated_Source\PSoC4/LCD_Char_1_LCDPort.c ****     ********************************************************************************
 135:.\Generated_Source\PSoC4/LCD_Char_1_LCDPort.c ****     *
 136:.\Generated_Source\PSoC4/LCD_Char_1_LCDPort.c ****     * Summary:
 137:.\Generated_Source\PSoC4/LCD_Char_1_LCDPort.c ****     *  Clears any active interrupts attached to port and returns the value of the 
 138:.\Generated_Source\PSoC4/LCD_Char_1_LCDPort.c ****     *  interrupt status register.
 139:.\Generated_Source\PSoC4/LCD_Char_1_LCDPort.c ****     *
 140:.\Generated_Source\PSoC4/LCD_Char_1_LCDPort.c ****     * Parameters:  
 141:.\Generated_Source\PSoC4/LCD_Char_1_LCDPort.c ****     *  None 
 142:.\Generated_Source\PSoC4/LCD_Char_1_LCDPort.c ****     *
 143:.\Generated_Source\PSoC4/LCD_Char_1_LCDPort.c ****     * Return: 
 144:.\Generated_Source\PSoC4/LCD_Char_1_LCDPort.c ****     *  Returns the value of the interrupt status register
 145:.\Generated_Source\PSoC4/LCD_Char_1_LCDPort.c ****     *  
 146:.\Generated_Source\PSoC4/LCD_Char_1_LCDPort.c ****     *******************************************************************************/
 147:.\Generated_Source\PSoC4/LCD_Char_1_LCDPort.c ****     uint8 LCD_Char_1_LCDPort_ClearInterrupt(void) 
 148:.\Generated_Source\PSoC4/LCD_Char_1_LCDPort.c ****     {
 274              		.loc 1 148 0
 275              		.cfi_startproc
 276 0000 80B5     		push	{r7, lr}
 277              		.cfi_def_cfa_offset 8
 278              		.cfi_offset 7, -8
 279              		.cfi_offset 14, -4
 280 0002 82B0     		sub	sp, sp, #8
 281              		.cfi_def_cfa_offset 16
 282 0004 00AF     		add	r7, sp, #0
 283              		.cfi_def_cfa_register 7
 149:.\Generated_Source\PSoC4/LCD_Char_1_LCDPort.c **** 		uint8 maskedStatus = (uint8)(LCD_Char_1_LCDPort_INTSTAT & LCD_Char_1_LCDPort_MASK);
 284              		.loc 1 149 0
 285 0006 094B     		ldr	r3, .L17
 286 0008 1B68     		ldr	r3, [r3]
 287 000a DAB2     		uxtb	r2, r3
 288 000c FB1D     		add	r3, r7, #7
 289 000e 0121     		mov	r1, #1
 290 0010 8A43     		bic	r2, r1
 291 0012 1A70     		strb	r2, [r3]
 150:.\Generated_Source\PSoC4/LCD_Char_1_LCDPort.c **** 		LCD_Char_1_LCDPort_INTSTAT = maskedStatus;
 292              		.loc 1 150 0
 293 0014 054B     		ldr	r3, .L17
 294 0016 FA1D     		add	r2, r7, #7
 295 0018 1278     		ldrb	r2, [r2]
 296 001a 1A60     		str	r2, [r3]
 151:.\Generated_Source\PSoC4/LCD_Char_1_LCDPort.c ****         return maskedStatus >> LCD_Char_1_LCDPort_SHIFT;
 297              		.loc 1 151 0
 298 001c FB1D     		add	r3, r7, #7
 299 001e 1B78     		ldrb	r3, [r3]
 300 0020 5B08     		lsr	r3, r3, #1
 301 0022 DBB2     		uxtb	r3, r3
 152:.\Generated_Source\PSoC4/LCD_Char_1_LCDPort.c ****     }
 302              		.loc 1 152 0
 303 0024 181C     		mov	r0, r3
 304 0026 BD46     		mov	sp, r7
ARM GAS  C:\Users\Karsten\AppData\Local\Temp\ccFWJHRR.s 			page 9


 305 0028 02B0     		add	sp, sp, #8
 306              		@ sp needed
 307 002a 80BD     		pop	{r7, pc}
 308              	.L18:
 309              		.align	2
 310              	.L17:
 311 002c 10020440 		.word	1074004496
 312              		.cfi_endproc
 313              	.LFE4:
 314              		.size	LCD_Char_1_LCDPort_ClearInterrupt, .-LCD_Char_1_LCDPort_ClearInterrupt
 315              		.text
 316              	.Letext0:
 317              		.file 2 ".\\Generated_Source\\PSoC4\\cytypes.h"
 318              		.section	.debug_info,"",%progbits
 319              	.Ldebug_info0:
 320 0000 48010000 		.4byte	0x148
 321 0004 0400     		.2byte	0x4
 322 0006 00000000 		.4byte	.Ldebug_abbrev0
 323 000a 04       		.byte	0x4
 324 000b 01       		.uleb128 0x1
 325 000c 06010000 		.4byte	.LASF24
 326 0010 01       		.byte	0x1
 327 0011 A7010000 		.4byte	.LASF25
 328 0015 6B000000 		.4byte	.LASF26
 329 0019 00000000 		.4byte	.Ldebug_ranges0+0
 330 001d 00000000 		.4byte	0
 331 0021 00000000 		.4byte	.Ldebug_line0
 332 0025 02       		.uleb128 0x2
 333 0026 01       		.byte	0x1
 334 0027 06       		.byte	0x6
 335 0028 3E020000 		.4byte	.LASF0
 336 002c 02       		.uleb128 0x2
 337 002d 01       		.byte	0x1
 338 002e 08       		.byte	0x8
 339 002f B2000000 		.4byte	.LASF1
 340 0033 02       		.uleb128 0x2
 341 0034 02       		.byte	0x2
 342 0035 05       		.byte	0x5
 343 0036 D5010000 		.4byte	.LASF2
 344 003a 02       		.uleb128 0x2
 345 003b 02       		.byte	0x2
 346 003c 07       		.byte	0x7
 347 003d D8000000 		.4byte	.LASF3
 348 0041 02       		.uleb128 0x2
 349 0042 04       		.byte	0x4
 350 0043 05       		.byte	0x5
 351 0044 1C020000 		.4byte	.LASF4
 352 0048 02       		.uleb128 0x2
 353 0049 04       		.byte	0x4
 354 004a 07       		.byte	0x7
 355 004b C6000000 		.4byte	.LASF5
 356 004f 02       		.uleb128 0x2
 357 0050 08       		.byte	0x8
 358 0051 05       		.byte	0x5
 359 0052 87010000 		.4byte	.LASF6
 360 0056 02       		.uleb128 0x2
 361 0057 08       		.byte	0x8
ARM GAS  C:\Users\Karsten\AppData\Local\Temp\ccFWJHRR.s 			page 10


 362 0058 07       		.byte	0x7
 363 0059 54000000 		.4byte	.LASF7
 364 005d 03       		.uleb128 0x3
 365 005e 04       		.byte	0x4
 366 005f 05       		.byte	0x5
 367 0060 696E7400 		.ascii	"int\000"
 368 0064 02       		.uleb128 0x2
 369 0065 04       		.byte	0x4
 370 0066 07       		.byte	0x7
 371 0067 F9000000 		.4byte	.LASF8
 372 006b 04       		.uleb128 0x4
 373 006c 16020000 		.4byte	.LASF9
 374 0070 02       		.byte	0x2
 375 0071 A1       		.byte	0xa1
 376 0072 2C000000 		.4byte	0x2c
 377 0076 04       		.uleb128 0x4
 378 0077 F2000000 		.4byte	.LASF10
 379 007b 02       		.byte	0x2
 380 007c A3       		.byte	0xa3
 381 007d 48000000 		.4byte	0x48
 382 0081 02       		.uleb128 0x2
 383 0082 04       		.byte	0x4
 384 0083 04       		.byte	0x4
 385 0084 4E000000 		.4byte	.LASF11
 386 0088 02       		.uleb128 0x2
 387 0089 08       		.byte	0x8
 388 008a 04       		.byte	0x4
 389 008b EB000000 		.4byte	.LASF12
 390 008f 02       		.uleb128 0x2
 391 0090 01       		.byte	0x1
 392 0091 08       		.byte	0x8
 393 0092 A2010000 		.4byte	.LASF13
 394 0096 05       		.uleb128 0x5
 395 0097 00000000 		.4byte	.LASF14
 396 009b 02       		.byte	0x2
 397 009c 4D01     		.2byte	0x14d
 398 009e A2000000 		.4byte	0xa2
 399 00a2 06       		.uleb128 0x6
 400 00a3 76000000 		.4byte	0x76
 401 00a7 07       		.uleb128 0x7
 402 00a8 25020000 		.4byte	.LASF15
 403 00ac 01       		.byte	0x1
 404 00ad 2A       		.byte	0x2a
 405 00ae 00000000 		.4byte	.LFB0
 406 00b2 48000000 		.4byte	.LFE0-.LFB0
 407 00b6 01       		.uleb128 0x1
 408 00b7 9C       		.byte	0x9c
 409 00b8 D9000000 		.4byte	0xd9
 410 00bc 08       		.uleb128 0x8
 411 00bd 26000000 		.4byte	.LASF17
 412 00c1 01       		.byte	0x1
 413 00c2 2A       		.byte	0x2a
 414 00c3 6B000000 		.4byte	0x6b
 415 00c7 02       		.uleb128 0x2
 416 00c8 91       		.byte	0x91
 417 00c9 6F       		.sleb128 -17
 418 00ca 09       		.uleb128 0x9
ARM GAS  C:\Users\Karsten\AppData\Local\Temp\ccFWJHRR.s 			page 11


 419 00cb C0000000 		.4byte	.LASF22
 420 00cf 01       		.byte	0x1
 421 00d0 2C       		.byte	0x2c
 422 00d1 6B000000 		.4byte	0x6b
 423 00d5 02       		.uleb128 0x2
 424 00d6 91       		.byte	0x91
 425 00d7 77       		.sleb128 -9
 426 00d8 00       		.byte	0
 427 00d9 07       		.uleb128 0x7
 428 00da 06000000 		.4byte	.LASF16
 429 00de 01       		.byte	0x1
 430 00df 49       		.byte	0x49
 431 00e0 00000000 		.4byte	.LFB1
 432 00e4 C0000000 		.4byte	.LFE1-.LFB1
 433 00e8 01       		.uleb128 0x1
 434 00e9 9C       		.byte	0x9c
 435 00ea FD000000 		.4byte	0xfd
 436 00ee 08       		.uleb128 0x8
 437 00ef 82010000 		.4byte	.LASF18
 438 00f3 01       		.byte	0x1
 439 00f4 49       		.byte	0x49
 440 00f5 6B000000 		.4byte	0x6b
 441 00f9 02       		.uleb128 0x2
 442 00fa 91       		.byte	0x91
 443 00fb 77       		.sleb128 -9
 444 00fc 00       		.byte	0
 445 00fd 0A       		.uleb128 0xa
 446 00fe DF010000 		.4byte	.LASF19
 447 0102 01       		.byte	0x1
 448 0103 67       		.byte	0x67
 449 0104 6B000000 		.4byte	0x6b
 450 0108 00000000 		.4byte	.LFB2
 451 010c 1C000000 		.4byte	.LFE2-.LFB2
 452 0110 01       		.uleb128 0x1
 453 0111 9C       		.byte	0x9c
 454 0112 0A       		.uleb128 0xa
 455 0113 F7010000 		.4byte	.LASF20
 456 0117 01       		.byte	0x1
 457 0118 7B       		.byte	0x7b
 458 0119 6B000000 		.4byte	0x6b
 459 011d 00000000 		.4byte	.LFB3
 460 0121 1C000000 		.4byte	.LFE3-.LFB3
 461 0125 01       		.uleb128 0x1
 462 0126 9C       		.byte	0x9c
 463 0127 0B       		.uleb128 0xb
 464 0128 2C000000 		.4byte	.LASF21
 465 012c 01       		.byte	0x1
 466 012d 93       		.byte	0x93
 467 012e 6B000000 		.4byte	0x6b
 468 0132 00000000 		.4byte	.LFB4
 469 0136 30000000 		.4byte	.LFE4-.LFB4
 470 013a 01       		.uleb128 0x1
 471 013b 9C       		.byte	0x9c
 472 013c 09       		.uleb128 0x9
 473 013d 95010000 		.4byte	.LASF23
 474 0141 01       		.byte	0x1
 475 0142 95       		.byte	0x95
ARM GAS  C:\Users\Karsten\AppData\Local\Temp\ccFWJHRR.s 			page 12


 476 0143 6B000000 		.4byte	0x6b
 477 0147 02       		.uleb128 0x2
 478 0148 91       		.byte	0x91
 479 0149 77       		.sleb128 -9
 480 014a 00       		.byte	0
 481 014b 00       		.byte	0
 482              		.section	.debug_abbrev,"",%progbits
 483              	.Ldebug_abbrev0:
 484 0000 01       		.uleb128 0x1
 485 0001 11       		.uleb128 0x11
 486 0002 01       		.byte	0x1
 487 0003 25       		.uleb128 0x25
 488 0004 0E       		.uleb128 0xe
 489 0005 13       		.uleb128 0x13
 490 0006 0B       		.uleb128 0xb
 491 0007 03       		.uleb128 0x3
 492 0008 0E       		.uleb128 0xe
 493 0009 1B       		.uleb128 0x1b
 494 000a 0E       		.uleb128 0xe
 495 000b 55       		.uleb128 0x55
 496 000c 17       		.uleb128 0x17
 497 000d 11       		.uleb128 0x11
 498 000e 01       		.uleb128 0x1
 499 000f 10       		.uleb128 0x10
 500 0010 17       		.uleb128 0x17
 501 0011 00       		.byte	0
 502 0012 00       		.byte	0
 503 0013 02       		.uleb128 0x2
 504 0014 24       		.uleb128 0x24
 505 0015 00       		.byte	0
 506 0016 0B       		.uleb128 0xb
 507 0017 0B       		.uleb128 0xb
 508 0018 3E       		.uleb128 0x3e
 509 0019 0B       		.uleb128 0xb
 510 001a 03       		.uleb128 0x3
 511 001b 0E       		.uleb128 0xe
 512 001c 00       		.byte	0
 513 001d 00       		.byte	0
 514 001e 03       		.uleb128 0x3
 515 001f 24       		.uleb128 0x24
 516 0020 00       		.byte	0
 517 0021 0B       		.uleb128 0xb
 518 0022 0B       		.uleb128 0xb
 519 0023 3E       		.uleb128 0x3e
 520 0024 0B       		.uleb128 0xb
 521 0025 03       		.uleb128 0x3
 522 0026 08       		.uleb128 0x8
 523 0027 00       		.byte	0
 524 0028 00       		.byte	0
 525 0029 04       		.uleb128 0x4
 526 002a 16       		.uleb128 0x16
 527 002b 00       		.byte	0
 528 002c 03       		.uleb128 0x3
 529 002d 0E       		.uleb128 0xe
 530 002e 3A       		.uleb128 0x3a
 531 002f 0B       		.uleb128 0xb
 532 0030 3B       		.uleb128 0x3b
ARM GAS  C:\Users\Karsten\AppData\Local\Temp\ccFWJHRR.s 			page 13


 533 0031 0B       		.uleb128 0xb
 534 0032 49       		.uleb128 0x49
 535 0033 13       		.uleb128 0x13
 536 0034 00       		.byte	0
 537 0035 00       		.byte	0
 538 0036 05       		.uleb128 0x5
 539 0037 16       		.uleb128 0x16
 540 0038 00       		.byte	0
 541 0039 03       		.uleb128 0x3
 542 003a 0E       		.uleb128 0xe
 543 003b 3A       		.uleb128 0x3a
 544 003c 0B       		.uleb128 0xb
 545 003d 3B       		.uleb128 0x3b
 546 003e 05       		.uleb128 0x5
 547 003f 49       		.uleb128 0x49
 548 0040 13       		.uleb128 0x13
 549 0041 00       		.byte	0
 550 0042 00       		.byte	0
 551 0043 06       		.uleb128 0x6
 552 0044 35       		.uleb128 0x35
 553 0045 00       		.byte	0
 554 0046 49       		.uleb128 0x49
 555 0047 13       		.uleb128 0x13
 556 0048 00       		.byte	0
 557 0049 00       		.byte	0
 558 004a 07       		.uleb128 0x7
 559 004b 2E       		.uleb128 0x2e
 560 004c 01       		.byte	0x1
 561 004d 3F       		.uleb128 0x3f
 562 004e 19       		.uleb128 0x19
 563 004f 03       		.uleb128 0x3
 564 0050 0E       		.uleb128 0xe
 565 0051 3A       		.uleb128 0x3a
 566 0052 0B       		.uleb128 0xb
 567 0053 3B       		.uleb128 0x3b
 568 0054 0B       		.uleb128 0xb
 569 0055 27       		.uleb128 0x27
 570 0056 19       		.uleb128 0x19
 571 0057 11       		.uleb128 0x11
 572 0058 01       		.uleb128 0x1
 573 0059 12       		.uleb128 0x12
 574 005a 06       		.uleb128 0x6
 575 005b 40       		.uleb128 0x40
 576 005c 18       		.uleb128 0x18
 577 005d 9742     		.uleb128 0x2117
 578 005f 19       		.uleb128 0x19
 579 0060 01       		.uleb128 0x1
 580 0061 13       		.uleb128 0x13
 581 0062 00       		.byte	0
 582 0063 00       		.byte	0
 583 0064 08       		.uleb128 0x8
 584 0065 05       		.uleb128 0x5
 585 0066 00       		.byte	0
 586 0067 03       		.uleb128 0x3
 587 0068 0E       		.uleb128 0xe
 588 0069 3A       		.uleb128 0x3a
 589 006a 0B       		.uleb128 0xb
ARM GAS  C:\Users\Karsten\AppData\Local\Temp\ccFWJHRR.s 			page 14


 590 006b 3B       		.uleb128 0x3b
 591 006c 0B       		.uleb128 0xb
 592 006d 49       		.uleb128 0x49
 593 006e 13       		.uleb128 0x13
 594 006f 02       		.uleb128 0x2
 595 0070 18       		.uleb128 0x18
 596 0071 00       		.byte	0
 597 0072 00       		.byte	0
 598 0073 09       		.uleb128 0x9
 599 0074 34       		.uleb128 0x34
 600 0075 00       		.byte	0
 601 0076 03       		.uleb128 0x3
 602 0077 0E       		.uleb128 0xe
 603 0078 3A       		.uleb128 0x3a
 604 0079 0B       		.uleb128 0xb
 605 007a 3B       		.uleb128 0x3b
 606 007b 0B       		.uleb128 0xb
 607 007c 49       		.uleb128 0x49
 608 007d 13       		.uleb128 0x13
 609 007e 02       		.uleb128 0x2
 610 007f 18       		.uleb128 0x18
 611 0080 00       		.byte	0
 612 0081 00       		.byte	0
 613 0082 0A       		.uleb128 0xa
 614 0083 2E       		.uleb128 0x2e
 615 0084 00       		.byte	0
 616 0085 3F       		.uleb128 0x3f
 617 0086 19       		.uleb128 0x19
 618 0087 03       		.uleb128 0x3
 619 0088 0E       		.uleb128 0xe
 620 0089 3A       		.uleb128 0x3a
 621 008a 0B       		.uleb128 0xb
 622 008b 3B       		.uleb128 0x3b
 623 008c 0B       		.uleb128 0xb
 624 008d 27       		.uleb128 0x27
 625 008e 19       		.uleb128 0x19
 626 008f 49       		.uleb128 0x49
 627 0090 13       		.uleb128 0x13
 628 0091 11       		.uleb128 0x11
 629 0092 01       		.uleb128 0x1
 630 0093 12       		.uleb128 0x12
 631 0094 06       		.uleb128 0x6
 632 0095 40       		.uleb128 0x40
 633 0096 18       		.uleb128 0x18
 634 0097 9742     		.uleb128 0x2117
 635 0099 19       		.uleb128 0x19
 636 009a 00       		.byte	0
 637 009b 00       		.byte	0
 638 009c 0B       		.uleb128 0xb
 639 009d 2E       		.uleb128 0x2e
 640 009e 01       		.byte	0x1
 641 009f 3F       		.uleb128 0x3f
 642 00a0 19       		.uleb128 0x19
 643 00a1 03       		.uleb128 0x3
 644 00a2 0E       		.uleb128 0xe
 645 00a3 3A       		.uleb128 0x3a
 646 00a4 0B       		.uleb128 0xb
ARM GAS  C:\Users\Karsten\AppData\Local\Temp\ccFWJHRR.s 			page 15


 647 00a5 3B       		.uleb128 0x3b
 648 00a6 0B       		.uleb128 0xb
 649 00a7 27       		.uleb128 0x27
 650 00a8 19       		.uleb128 0x19
 651 00a9 49       		.uleb128 0x49
 652 00aa 13       		.uleb128 0x13
 653 00ab 11       		.uleb128 0x11
 654 00ac 01       		.uleb128 0x1
 655 00ad 12       		.uleb128 0x12
 656 00ae 06       		.uleb128 0x6
 657 00af 40       		.uleb128 0x40
 658 00b0 18       		.uleb128 0x18
 659 00b1 9742     		.uleb128 0x2117
 660 00b3 19       		.uleb128 0x19
 661 00b4 00       		.byte	0
 662 00b5 00       		.byte	0
 663 00b6 00       		.byte	0
 664              		.section	.debug_aranges,"",%progbits
 665 0000 3C000000 		.4byte	0x3c
 666 0004 0200     		.2byte	0x2
 667 0006 00000000 		.4byte	.Ldebug_info0
 668 000a 04       		.byte	0x4
 669 000b 00       		.byte	0
 670 000c 0000     		.2byte	0
 671 000e 0000     		.2byte	0
 672 0010 00000000 		.4byte	.LFB0
 673 0014 48000000 		.4byte	.LFE0-.LFB0
 674 0018 00000000 		.4byte	.LFB1
 675 001c C0000000 		.4byte	.LFE1-.LFB1
 676 0020 00000000 		.4byte	.LFB2
 677 0024 1C000000 		.4byte	.LFE2-.LFB2
 678 0028 00000000 		.4byte	.LFB3
 679 002c 1C000000 		.4byte	.LFE3-.LFB3
 680 0030 00000000 		.4byte	.LFB4
 681 0034 30000000 		.4byte	.LFE4-.LFB4
 682 0038 00000000 		.4byte	0
 683 003c 00000000 		.4byte	0
 684              		.section	.debug_ranges,"",%progbits
 685              	.Ldebug_ranges0:
 686 0000 00000000 		.4byte	.LFB0
 687 0004 48000000 		.4byte	.LFE0
 688 0008 00000000 		.4byte	.LFB1
 689 000c C0000000 		.4byte	.LFE1
 690 0010 00000000 		.4byte	.LFB2
 691 0014 1C000000 		.4byte	.LFE2
 692 0018 00000000 		.4byte	.LFB3
 693 001c 1C000000 		.4byte	.LFE3
 694 0020 00000000 		.4byte	.LFB4
 695 0024 30000000 		.4byte	.LFE4
 696 0028 00000000 		.4byte	0
 697 002c 00000000 		.4byte	0
 698              		.section	.debug_line,"",%progbits
 699              	.Ldebug_line0:
 700 0000 BA000000 		.section	.debug_str,"MS",%progbits,1
 700      02005100 
 700      00000201 
 700      FB0E0D00 
ARM GAS  C:\Users\Karsten\AppData\Local\Temp\ccFWJHRR.s 			page 16


 700      01010101 
 701              	.LASF14:
 702 0000 72656733 		.ascii	"reg32\000"
 702      3200
 703              	.LASF16:
 704 0006 4C43445F 		.ascii	"LCD_Char_1_LCDPort_SetDriveMode\000"
 704      43686172 
 704      5F315F4C 
 704      4344506F 
 704      72745F53 
 705              	.LASF17:
 706 0026 76616C75 		.ascii	"value\000"
 706      6500
 707              	.LASF21:
 708 002c 4C43445F 		.ascii	"LCD_Char_1_LCDPort_ClearInterrupt\000"
 708      43686172 
 708      5F315F4C 
 708      4344506F 
 708      72745F43 
 709              	.LASF11:
 710 004e 666C6F61 		.ascii	"float\000"
 710      7400
 711              	.LASF7:
 712 0054 6C6F6E67 		.ascii	"long long unsigned int\000"
 712      206C6F6E 
 712      6720756E 
 712      7369676E 
 712      65642069 
 713              	.LASF26:
 714 006b 433A5C55 		.ascii	"C:\\Users\\Karsten\\Desktop\\IHA\\3. Semester\\Proj"
 714      73657273 
 714      5C4B6172 
 714      7374656E 
 714      5C446573 
 715 0098 656B745C 		.ascii	"ekt\\PHProbe\\PHProbe.cydsn\000"
 715      50485072 
 715      6F62655C 
 715      50485072 
 715      6F62652E 
 716              	.LASF1:
 717 00b2 756E7369 		.ascii	"unsigned char\000"
 717      676E6564 
 717      20636861 
 717      7200
 718              	.LASF22:
 719 00c0 64725661 		.ascii	"drVal\000"
 719      6C00
 720              	.LASF5:
 721 00c6 6C6F6E67 		.ascii	"long unsigned int\000"
 721      20756E73 
 721      69676E65 
 721      6420696E 
 721      7400
 722              	.LASF3:
 723 00d8 73686F72 		.ascii	"short unsigned int\000"
 723      7420756E 
 723      7369676E 
ARM GAS  C:\Users\Karsten\AppData\Local\Temp\ccFWJHRR.s 			page 17


 723      65642069 
 723      6E7400
 724              	.LASF12:
 725 00eb 646F7562 		.ascii	"double\000"
 725      6C6500
 726              	.LASF10:
 727 00f2 75696E74 		.ascii	"uint32\000"
 727      333200
 728              	.LASF8:
 729 00f9 756E7369 		.ascii	"unsigned int\000"
 729      676E6564 
 729      20696E74 
 729      00
 730              	.LASF24:
 731 0106 474E5520 		.ascii	"GNU C 4.8.4 20140526 (release) [ARM/embedded-4_8-br"
 731      4320342E 
 731      382E3420 
 731      32303134 
 731      30353236 
 732 0139 616E6368 		.ascii	"anch revision 211358] -mcpu=cortex-m0 -mthumb -g -O"
 732      20726576 
 732      6973696F 
 732      6E203231 
 732      31333538 
 733 016c 30202D66 		.ascii	"0 -ffunction-sections\000"
 733      66756E63 
 733      74696F6E 
 733      2D736563 
 733      74696F6E 
 734              	.LASF18:
 735 0182 6D6F6465 		.ascii	"mode\000"
 735      00
 736              	.LASF6:
 737 0187 6C6F6E67 		.ascii	"long long int\000"
 737      206C6F6E 
 737      6720696E 
 737      7400
 738              	.LASF23:
 739 0195 6D61736B 		.ascii	"maskedStatus\000"
 739      65645374 
 739      61747573 
 739      00
 740              	.LASF13:
 741 01a2 63686172 		.ascii	"char\000"
 741      00
 742              	.LASF25:
 743 01a7 2E5C4765 		.ascii	".\\Generated_Source\\PSoC4\\LCD_Char_1_LCDPort.c\000"
 743      6E657261 
 743      7465645F 
 743      536F7572 
 743      63655C50 
 744              	.LASF2:
 745 01d5 73686F72 		.ascii	"short int\000"
 745      7420696E 
 745      7400
 746              	.LASF19:
 747 01df 4C43445F 		.ascii	"LCD_Char_1_LCDPort_Read\000"
ARM GAS  C:\Users\Karsten\AppData\Local\Temp\ccFWJHRR.s 			page 18


 747      43686172 
 747      5F315F4C 
 747      4344506F 
 747      72745F52 
 748              	.LASF20:
 749 01f7 4C43445F 		.ascii	"LCD_Char_1_LCDPort_ReadDataReg\000"
 749      43686172 
 749      5F315F4C 
 749      4344506F 
 749      72745F52 
 750              	.LASF9:
 751 0216 75696E74 		.ascii	"uint8\000"
 751      3800
 752              	.LASF4:
 753 021c 6C6F6E67 		.ascii	"long int\000"
 753      20696E74 
 753      00
 754              	.LASF15:
 755 0225 4C43445F 		.ascii	"LCD_Char_1_LCDPort_Write\000"
 755      43686172 
 755      5F315F4C 
 755      4344506F 
 755      72745F57 
 756              	.LASF0:
 757 023e 7369676E 		.ascii	"signed char\000"
 757      65642063 
 757      68617200 
 758              		.ident	"GCC: (GNU Tools for ARM Embedded Processors) 4.8.4 20140526 (release) [ARM/embedded-4_8-br
