Archive member included because of file (symbol)

.\CortexM0\ARM_GCC_484\Debug\PHProbe.a(cyfitter_cfg.o)
                              .\CortexM0\ARM_GCC_484\Debug\Cm0Start.o (cyfitter_cfg)
.\CortexM0\ARM_GCC_484\Debug\PHProbe.a(Opamp_1.o)
                              .\CortexM0\ARM_GCC_484\Debug\main.o (Opamp_1_Start)
.\CortexM0\ARM_GCC_484\Debug\PHProbe.a(CyBootAsmGnu.o)
                              .\CortexM0\ARM_GCC_484\Debug\PHProbe.a(cyfitter_cfg.o) (CyDelayCycles)
.\CortexM0\ARM_GCC_484\Debug\PHProbe.a(CyLib.o)
                              .\CortexM0\ARM_GCC_484\Debug\PHProbe.a(cyfitter_cfg.o) (CyDelayUs)
.\CortexM0\ARM_GCC_484\Debug\PHProbe.a(RED_LED.o)
                              .\CortexM0\ARM_GCC_484\Debug\main.o (RED_LED_Write)
.\CortexM0\ARM_GCC_484\Debug\PHProbe.a(GREEN_LED.o)
                              .\CortexM0\ARM_GCC_484\Debug\main.o (GREEN_LED_Write)
.\CortexM0\ARM_GCC_484\Debug\PHProbe.a(Calibrate.o)
                              .\CortexM0\ARM_GCC_484\Debug\main.o (Calibrate_StartEx)
.\CortexM0\ARM_GCC_484\Debug\PHProbe.a(ADC.o)
                              .\CortexM0\ARM_GCC_484\Debug\main.o (ADC_Start)
.\CortexM0\ARM_GCC_484\Debug\PHProbe.a(ADC_INT.o)
                              .\CortexM0\ARM_GCC_484\Debug\PHProbe.a(ADC.o) (ADC_ISR)
.\CortexM0\ARM_GCC_484\Debug\PHProbe.a(CALI.o)
                              .\CortexM0\ARM_GCC_484\Debug\main.o (CALI_Read)
c:/program files (x86)/cypress/psoc creator/3.1/psoc creator/import/gnu_cs/arm/4.8.4/bin/../lib/gcc/arm-none-eabi/4.8.4/armv6-m\libgcc.a(_udivsi3.o)
                              .\CortexM0\ARM_GCC_484\Debug\PHProbe.a(CyLib.o) (__aeabi_uidiv)
c:/program files (x86)/cypress/psoc creator/3.1/psoc creator/import/gnu_cs/arm/4.8.4/bin/../lib/gcc/arm-none-eabi/4.8.4/armv6-m\libgcc.a(_divsi3.o)
                              .\CortexM0\ARM_GCC_484\Debug\Cm0Start.o (__aeabi_idiv)
c:/program files (x86)/cypress/psoc creator/3.1/psoc creator/import/gnu_cs/arm/4.8.4/bin/../lib/gcc/arm-none-eabi/4.8.4/armv6-m\libgcc.a(_dvmd_tls.o)
                              c:/program files (x86)/cypress/psoc creator/3.1/psoc creator/import/gnu_cs/arm/4.8.4/bin/../lib/gcc/arm-none-eabi/4.8.4/armv6-m\libgcc.a(_udivsi3.o) (__aeabi_idiv0)
c:/program files (x86)/cypress/psoc creator/3.1/psoc creator/import/gnu_cs/arm/4.8.4/bin/../lib/gcc/arm-none-eabi/4.8.4/armv6-m\libgcc.a(_aeabi_ldivmod.o)
                              .\CortexM0\ARM_GCC_484\Debug\PHProbe.a(ADC.o) (__aeabi_ldivmod)
c:/program files (x86)/cypress/psoc creator/3.1/psoc creator/import/gnu_cs/arm/4.8.4/bin/../lib/gcc/arm-none-eabi/4.8.4/armv6-m\libgcc.a(_muldi3.o)
                              .\CortexM0\ARM_GCC_484\Debug\PHProbe.a(ADC.o) (__aeabi_lmul)
c:/program files (x86)/cypress/psoc creator/3.1/psoc creator/import/gnu_cs/arm/4.8.4/bin/../lib/gcc/arm-none-eabi/4.8.4/armv6-m\libgcc.a(bpabi.o)
                              c:/program files (x86)/cypress/psoc creator/3.1/psoc creator/import/gnu_cs/arm/4.8.4/bin/../lib/gcc/arm-none-eabi/4.8.4/armv6-m\libgcc.a(_aeabi_ldivmod.o) (__gnu_ldivmod_helper)
c:/program files (x86)/cypress/psoc creator/3.1/psoc creator/import/gnu_cs/arm/4.8.4/bin/../lib/gcc/arm-none-eabi/4.8.4/armv6-m\libgcc.a(addsf3.o)
                              .\CortexM0\ARM_GCC_484\Debug\main.o (__aeabi_fadd)
c:/program files (x86)/cypress/psoc creator/3.1/psoc creator/import/gnu_cs/arm/4.8.4/bin/../lib/gcc/arm-none-eabi/4.8.4/armv6-m\libgcc.a(divsf3.o)
                              .\CortexM0\ARM_GCC_484\Debug\main.o (__aeabi_fdiv)
c:/program files (x86)/cypress/psoc creator/3.1/psoc creator/import/gnu_cs/arm/4.8.4/bin/../lib/gcc/arm-none-eabi/4.8.4/armv6-m\libgcc.a(mulsf3.o)
                              .\CortexM0\ARM_GCC_484\Debug\PHProbe.a(ADC.o) (__aeabi_fmul)
c:/program files (x86)/cypress/psoc creator/3.1/psoc creator/import/gnu_cs/arm/4.8.4/bin/../lib/gcc/arm-none-eabi/4.8.4/armv6-m\libgcc.a(subsf3.o)
                              .\CortexM0\ARM_GCC_484\Debug\main.o (__aeabi_fsub)
c:/program files (x86)/cypress/psoc creator/3.1/psoc creator/import/gnu_cs/arm/4.8.4/bin/../lib/gcc/arm-none-eabi/4.8.4/armv6-m\libgcc.a(floatsisf.o)
                              .\CortexM0\ARM_GCC_484\Debug\main.o (__aeabi_i2f)
c:/program files (x86)/cypress/psoc creator/3.1/psoc creator/import/gnu_cs/arm/4.8.4/bin/../lib/gcc/arm-none-eabi/4.8.4/armv6-m\libgcc.a(_clzsi2.o)
                              c:/program files (x86)/cypress/psoc creator/3.1/psoc creator/import/gnu_cs/arm/4.8.4/bin/../lib/gcc/arm-none-eabi/4.8.4/armv6-m\libgcc.a(addsf3.o) (__clzsi2)
c:/program files (x86)/cypress/psoc creator/3.1/psoc creator/import/gnu_cs/arm/4.8.4/bin/../lib/gcc/arm-none-eabi/4.8.4/armv6-m\libgcc.a(_divdi3.o)
                              c:/program files (x86)/cypress/psoc creator/3.1/psoc creator/import/gnu_cs/arm/4.8.4/bin/../lib/gcc/arm-none-eabi/4.8.4/armv6-m\libgcc.a(bpabi.o) (__divdi3)
c:/program files (x86)/cypress/psoc creator/3.1/psoc creator/import/gnu_cs/arm/4.8.4/bin/../lib/gcc/arm-none-eabi/4.8.4/armv6-m\libgcc.a(_udivdi3.o)
                              c:/program files (x86)/cypress/psoc creator/3.1/psoc creator/import/gnu_cs/arm/4.8.4/bin/../lib/gcc/arm-none-eabi/4.8.4/armv6-m\libgcc.a(bpabi.o) (__udivdi3)
c:/program files (x86)/cypress/psoc creator/3.1/psoc creator/import/gnu_cs/arm/4.8.4/bin/../lib/gcc/arm-none-eabi/4.8.4/../../../../arm-none-eabi/lib/armv6-m\libg_s.a(lib_a-errno.o)
                              .\CortexM0\ARM_GCC_484\Debug\Cm0Start.o (__errno)
c:/program files (x86)/cypress/psoc creator/3.1/psoc creator/import/gnu_cs/arm/4.8.4/bin/../lib/gcc/arm-none-eabi/4.8.4/../../../../arm-none-eabi/lib/armv6-m\libg_s.a(lib_a-exit.o)
                              c:/program files (x86)/cypress/psoc creator/3.1/psoc creator/import/gnu_cs/arm/4.8.4/bin/../lib/gcc/arm-none-eabi/4.8.4/../../../../arm-none-eabi/lib/armv6-m/crt0.o (exit)
c:/program files (x86)/cypress/psoc creator/3.1/psoc creator/import/gnu_cs/arm/4.8.4/bin/../lib/gcc/arm-none-eabi/4.8.4/../../../../arm-none-eabi/lib/armv6-m\libg_s.a(lib_a-impure.o)
                              c:/program files (x86)/cypress/psoc creator/3.1/psoc creator/import/gnu_cs/arm/4.8.4/bin/../lib/gcc/arm-none-eabi/4.8.4/../../../../arm-none-eabi/lib/armv6-m\libg_s.a(lib_a-exit.o) (_global_impure_ptr)
c:/program files (x86)/cypress/psoc creator/3.1/psoc creator/import/gnu_cs/arm/4.8.4/bin/../lib/gcc/arm-none-eabi/4.8.4/../../../../arm-none-eabi/lib/armv6-m\libg_s.a(lib_a-init.o)
                              c:/program files (x86)/cypress/psoc creator/3.1/psoc creator/import/gnu_cs/arm/4.8.4/bin/../lib/gcc/arm-none-eabi/4.8.4/../../../../arm-none-eabi/lib/armv6-m/crt0.o (__libc_init_array)
c:/program files (x86)/cypress/psoc creator/3.1/psoc creator/import/gnu_cs/arm/4.8.4/bin/../lib/gcc/arm-none-eabi/4.8.4/../../../../arm-none-eabi/lib/armv6-m\libg_s.a(lib_a-memcpy-stub.o)
                              .\CortexM0\ARM_GCC_484\Debug\PHProbe.a(cyfitter_cfg.o) (memcpy)
c:/program files (x86)/cypress/psoc creator/3.1/psoc creator/import/gnu_cs/arm/4.8.4/bin/../lib/gcc/arm-none-eabi/4.8.4/../../../../arm-none-eabi/lib/armv6-m\libg_s.a(lib_a-memset.o)
                              c:/program files (x86)/cypress/psoc creator/3.1/psoc creator/import/gnu_cs/arm/4.8.4/bin/../lib/gcc/arm-none-eabi/4.8.4/../../../../arm-none-eabi/lib/armv6-m/crt0.o (memset)

Allocating common symbols
Common symbol       size              file

phVal               0x4               .\CortexM0\ARM_GCC_484\Debug\main.o
ADC_countsPer10Volt
                    0x4               .\CortexM0\ARM_GCC_484\Debug\PHProbe.a(ADC.o)
adcResult           0x2               .\CortexM0\ARM_GCC_484\Debug\main.o
ph7                 0x4               .\CortexM0\ARM_GCC_484\Debug\main.o
ADC_offset          0x2               .\CortexM0\ARM_GCC_484\Debug\PHProbe.a(ADC.o)
adcResultmV         0x2               .\CortexM0\ARM_GCC_484\Debug\main.o
ph4                 0x4               .\CortexM0\ARM_GCC_484\Debug\main.o

Discarded input sections

 .text          0x00000000        0x0 c:/program files (x86)/cypress/psoc creator/3.1/psoc creator/import/gnu_cs/arm/4.8.4/bin/../lib/gcc/arm-none-eabi/4.8.4/armv6-m/crti.o
 .data          0x00000000        0x0 c:/program files (x86)/cypress/psoc creator/3.1/psoc creator/import/gnu_cs/arm/4.8.4/bin/../lib/gcc/arm-none-eabi/4.8.4/armv6-m/crti.o
 .bss           0x00000000        0x0 c:/program files (x86)/cypress/psoc creator/3.1/psoc creator/import/gnu_cs/arm/4.8.4/bin/../lib/gcc/arm-none-eabi/4.8.4/armv6-m/crti.o
 .data          0x00000000        0x4 c:/program files (x86)/cypress/psoc creator/3.1/psoc creator/import/gnu_cs/arm/4.8.4/bin/../lib/gcc/arm-none-eabi/4.8.4/armv6-m/crtbegin.o
 .text          0x00000000       0x78 c:/program files (x86)/cypress/psoc creator/3.1/psoc creator/import/gnu_cs/arm/4.8.4/bin/../lib/gcc/arm-none-eabi/4.8.4/../../../../arm-none-eabi/lib/armv6-m/crt0.o
 .data          0x00000000        0x0 c:/program files (x86)/cypress/psoc creator/3.1/psoc creator/import/gnu_cs/arm/4.8.4/bin/../lib/gcc/arm-none-eabi/4.8.4/../../../../arm-none-eabi/lib/armv6-m/crt0.o
 .bss           0x00000000        0x0 c:/program files (x86)/cypress/psoc creator/3.1/psoc creator/import/gnu_cs/arm/4.8.4/bin/../lib/gcc/arm-none-eabi/4.8.4/../../../../arm-none-eabi/lib/armv6-m/crt0.o
 .ARM.extab     0x00000000        0x0 c:/program files (x86)/cypress/psoc creator/3.1/psoc creator/import/gnu_cs/arm/4.8.4/bin/../lib/gcc/arm-none-eabi/4.8.4/../../../../arm-none-eabi/lib/armv6-m/crt0.o
 .ARM.exidx     0x00000000        0x8 c:/program files (x86)/cypress/psoc creator/3.1/psoc creator/import/gnu_cs/arm/4.8.4/bin/../lib/gcc/arm-none-eabi/4.8.4/../../../../arm-none-eabi/lib/armv6-m/crt0.o
 .text          0x00000000        0x0 .\CortexM0\ARM_GCC_484\Debug\main.o
 .data          0x00000000        0x0 .\CortexM0\ARM_GCC_484\Debug\main.o
 .bss           0x00000000        0x0 .\CortexM0\ARM_GCC_484\Debug\main.o
 .text          0x00000000        0x0 .\CortexM0\ARM_GCC_484\Debug\cymetadata.o
 .data          0x00000000        0x0 .\CortexM0\ARM_GCC_484\Debug\cymetadata.o
 .bss           0x00000000        0x0 .\CortexM0\ARM_GCC_484\Debug\cymetadata.o
 .text          0x00000000        0x0 .\CortexM0\ARM_GCC_484\Debug\Cm0Start.o
 .data          0x00000000        0x4 .\CortexM0\ARM_GCC_484\Debug\Cm0Start.o
 .bss           0x00000000        0x0 .\CortexM0\ARM_GCC_484\Debug\Cm0Start.o
 .text._exit    0x00000000       0x28 .\CortexM0\ARM_GCC_484\Debug\Cm0Start.o
 .text._sbrk    0x00000000       0x50 .\CortexM0\ARM_GCC_484\Debug\Cm0Start.o
 .text          0x00000000        0x0 .\CortexM0\ARM_GCC_484\Debug\PHProbe.a(cyfitter_cfg.o)
 .bss           0x00000000        0x0 .\CortexM0\ARM_GCC_484\Debug\PHProbe.a(cyfitter_cfg.o)
 .text.CYCONFIGCPY
                0x00000000       0x24 .\CortexM0\ARM_GCC_484\Debug\PHProbe.a(cyfitter_cfg.o)
 .text.CYCONFIGCPYCODE
                0x00000000       0x24 .\CortexM0\ARM_GCC_484\Debug\PHProbe.a(cyfitter_cfg.o)
 .text.SetAnalogRoutingPumps
                0x00000000       0x40 .\CortexM0\ARM_GCC_484\Debug\PHProbe.a(cyfitter_cfg.o)
 .text          0x00000000        0x0 .\CortexM0\ARM_GCC_484\Debug\PHProbe.a(Opamp_1.o)
 .data          0x00000000        0x0 .\CortexM0\ARM_GCC_484\Debug\PHProbe.a(Opamp_1.o)
 .text.Opamp_1_Stop
                0x00000000       0x1c .\CortexM0\ARM_GCC_484\Debug\PHProbe.a(Opamp_1.o)
 .text.Opamp_1_SetPower
                0x00000000       0x38 .\CortexM0\ARM_GCC_484\Debug\PHProbe.a(Opamp_1.o)
 .text.Opamp_1_PumpControl
                0x00000000       0x38 .\CortexM0\ARM_GCC_484\Debug\PHProbe.a(Opamp_1.o)
 .data          0x00000000        0x0 .\CortexM0\ARM_GCC_484\Debug\PHProbe.a(CyBootAsmGnu.o)
 .bss           0x00000000        0x0 .\CortexM0\ARM_GCC_484\Debug\PHProbe.a(CyBootAsmGnu.o)
 .text          0x00000000        0x0 .\CortexM0\ARM_GCC_484\Debug\PHProbe.a(CyLib.o)
 .bss           0x00000000       0x24 .\CortexM0\ARM_GCC_484\Debug\PHProbe.a(CyLib.o)
 .rodata        0x00000000       0x30 .\CortexM0\ARM_GCC_484\Debug\PHProbe.a(CyLib.o)
 .text.CySysClkImoStart
                0x00000000       0x1c .\CortexM0\ARM_GCC_484\Debug\PHProbe.a(CyLib.o)
 .text.CySysClkImoStop
                0x00000000       0x18 .\CortexM0\ARM_GCC_484\Debug\PHProbe.a(CyLib.o)
 .text.CySysClkIloStart
                0x00000000       0x1c .\CortexM0\ARM_GCC_484\Debug\PHProbe.a(CyLib.o)
 .text.CySysClkIloStop
                0x00000000       0x4c .\CortexM0\ARM_GCC_484\Debug\PHProbe.a(CyLib.o)
 .text.CySysClkIloEnabled
                0x00000000       0x1c .\CortexM0\ARM_GCC_484\Debug\PHProbe.a(CyLib.o)
 .text.CySysClkWriteHfclkDirect
                0x00000000       0x44 .\CortexM0\ARM_GCC_484\Debug\PHProbe.a(CyLib.o)
 .text.CySysClkWriteSysclkDiv
                0x00000000       0x44 .\CortexM0\ARM_GCC_484\Debug\PHProbe.a(CyLib.o)
 .text.CySysClkWriteImoFreq
                0x00000000      0x1e0 .\CortexM0\ARM_GCC_484\Debug\PHProbe.a(CyLib.o)
 .text.CySysWdtLock
                0x00000000       0x34 .\CortexM0\ARM_GCC_484\Debug\PHProbe.a(CyLib.o)
 .text.CySysWdtLocked
                0x00000000       0x20 .\CortexM0\ARM_GCC_484\Debug\PHProbe.a(CyLib.o)
 .text.CySysWdtUnlock
                0x00000000       0x4c .\CortexM0\ARM_GCC_484\Debug\PHProbe.a(CyLib.o)
 .text.CySysWdtReadEnabledStatus
                0x00000000       0x30 .\CortexM0\ARM_GCC_484\Debug\PHProbe.a(CyLib.o)
 .text.CySysWdtWriteMode
                0x00000000       0x60 .\CortexM0\ARM_GCC_484\Debug\PHProbe.a(CyLib.o)
 .text.CySysWdtReadMode
                0x00000000       0x24 .\CortexM0\ARM_GCC_484\Debug\PHProbe.a(CyLib.o)
 .text.CySysWdtWriteClearOnMatch
                0x00000000       0x70 .\CortexM0\ARM_GCC_484\Debug\PHProbe.a(CyLib.o)
 .text.CySysWdtReadClearOnMatch
                0x00000000       0x40 .\CortexM0\ARM_GCC_484\Debug\PHProbe.a(CyLib.o)
 .text.CySysWdtEnable
                0x00000000       0x68 .\CortexM0\ARM_GCC_484\Debug\PHProbe.a(CyLib.o)
 .text.CySysWdtDisable
                0x00000000       0x68 .\CortexM0\ARM_GCC_484\Debug\PHProbe.a(CyLib.o)
 .text.CySysWdtWriteCascade
                0x00000000       0x58 .\CortexM0\ARM_GCC_484\Debug\PHProbe.a(CyLib.o)
 .text.CySysWdtReadCascade
                0x00000000       0x1c .\CortexM0\ARM_GCC_484\Debug\PHProbe.a(CyLib.o)
 .text.CySysWdtWriteMatch
                0x00000000       0x6c .\CortexM0\ARM_GCC_484\Debug\PHProbe.a(CyLib.o)
 .text.CySysWdtWriteToggleBit
                0x00000000       0x44 .\CortexM0\ARM_GCC_484\Debug\PHProbe.a(CyLib.o)
 .text.CySysWdtReadToggleBit
                0x00000000       0x18 .\CortexM0\ARM_GCC_484\Debug\PHProbe.a(CyLib.o)
 .text.CySysWdtReadMatch
                0x00000000       0x44 .\CortexM0\ARM_GCC_484\Debug\PHProbe.a(CyLib.o)
 .text.CySysWdtReadCount
                0x00000000       0x54 .\CortexM0\ARM_GCC_484\Debug\PHProbe.a(CyLib.o)
 .text.CySysWdtGetInterruptSource
                0x00000000       0x1c .\CortexM0\ARM_GCC_484\Debug\PHProbe.a(CyLib.o)
 .text.CySysWdtClearInterrupt
                0x00000000       0x6c .\CortexM0\ARM_GCC_484\Debug\PHProbe.a(CyLib.o)
 .text.CySysWdtResetCounters
                0x00000000       0x28 .\CortexM0\ARM_GCC_484\Debug\PHProbe.a(CyLib.o)
 .text.CySysClkLfclkPosedgeCatch
                0x00000000       0x9c .\CortexM0\ARM_GCC_484\Debug\PHProbe.a(CyLib.o)
 .text.CySysClkLfclkPosedgeRestore
                0x00000000       0x3c .\CortexM0\ARM_GCC_484\Debug\PHProbe.a(CyLib.o)
 .text.CySysLvdEnable
                0x00000000       0x48 .\CortexM0\ARM_GCC_484\Debug\PHProbe.a(CyLib.o)
 .text.CySysLvdDisable
                0x00000000       0x28 .\CortexM0\ARM_GCC_484\Debug\PHProbe.a(CyLib.o)
 .text.CySysLvdGetInterruptSource
                0x00000000       0x18 .\CortexM0\ARM_GCC_484\Debug\PHProbe.a(CyLib.o)
 .text.CySysLvdClearInterrupt
                0x00000000       0x14 .\CortexM0\ARM_GCC_484\Debug\PHProbe.a(CyLib.o)
 .text.CySysGetResetReason
                0x00000000       0x30 .\CortexM0\ARM_GCC_484\Debug\PHProbe.a(CyLib.o)
 .text.CyDisableInts
                0x00000000       0x24 .\CortexM0\ARM_GCC_484\Debug\PHProbe.a(CyLib.o)
 .text.CyEnableInts
                0x00000000       0x18 .\CortexM0\ARM_GCC_484\Debug\PHProbe.a(CyLib.o)
 .text.CyIntSetSysVector
                0x00000000       0x48 .\CortexM0\ARM_GCC_484\Debug\PHProbe.a(CyLib.o)
 .text.CyIntGetSysVector
                0x00000000       0x34 .\CortexM0\ARM_GCC_484\Debug\PHProbe.a(CyLib.o)
 .text.CyIntGetVector
                0x00000000       0x38 .\CortexM0\ARM_GCC_484\Debug\PHProbe.a(CyLib.o)
 .text.CyIntGetPriority
                0x00000000       0x58 .\CortexM0\ARM_GCC_484\Debug\PHProbe.a(CyLib.o)
 .text.CyIntEnable
                0x00000000       0x2c .\CortexM0\ARM_GCC_484\Debug\PHProbe.a(CyLib.o)
 .text.CyIntGetState
                0x00000000       0x34 .\CortexM0\ARM_GCC_484\Debug\PHProbe.a(CyLib.o)
 .text.CyIntDisable
                0x00000000       0x2c .\CortexM0\ARM_GCC_484\Debug\PHProbe.a(CyLib.o)
 .text.CyIntSetPending
                0x00000000       0x2c .\CortexM0\ARM_GCC_484\Debug\PHProbe.a(CyLib.o)
 .text.CyIntClearPending
                0x00000000       0x2c .\CortexM0\ARM_GCC_484\Debug\PHProbe.a(CyLib.o)
 .text.CySoftwareReset
                0x00000000       0x20 .\CortexM0\ARM_GCC_484\Debug\PHProbe.a(CyLib.o)
 .text.CyDelayFreq
                0x00000000       0x80 .\CortexM0\ARM_GCC_484\Debug\PHProbe.a(CyLib.o)
 .text.CySysTickStart
                0x00000000       0x24 .\CortexM0\ARM_GCC_484\Debug\PHProbe.a(CyLib.o)
 .text.CySysTickInit
                0x00000000       0x60 .\CortexM0\ARM_GCC_484\Debug\PHProbe.a(CyLib.o)
 .text.CySysTickEnable
                0x00000000       0x1c .\CortexM0\ARM_GCC_484\Debug\PHProbe.a(CyLib.o)
 .text.CySysTickStop
                0x00000000       0x18 .\CortexM0\ARM_GCC_484\Debug\PHProbe.a(CyLib.o)
 .text.CySysTickEnableInterrupt
                0x00000000       0x18 .\CortexM0\ARM_GCC_484\Debug\PHProbe.a(CyLib.o)
 .text.CySysTickDisableInterrupt
                0x00000000       0x18 .\CortexM0\ARM_GCC_484\Debug\PHProbe.a(CyLib.o)
 .text.CySysTickSetReload
                0x00000000       0x1c .\CortexM0\ARM_GCC_484\Debug\PHProbe.a(CyLib.o)
 .text.CySysTickGetReload
                0x00000000       0x18 .\CortexM0\ARM_GCC_484\Debug\PHProbe.a(CyLib.o)
 .text.CySysTickGetValue
                0x00000000       0x1c .\CortexM0\ARM_GCC_484\Debug\PHProbe.a(CyLib.o)
 .text.CySysTickGetCountFlag
                0x00000000       0x18 .\CortexM0\ARM_GCC_484\Debug\PHProbe.a(CyLib.o)
 .text.CySysTickClear
                0x00000000       0x14 .\CortexM0\ARM_GCC_484\Debug\PHProbe.a(CyLib.o)
 .text.CySysTickSetCallback
                0x00000000       0x2c .\CortexM0\ARM_GCC_484\Debug\PHProbe.a(CyLib.o)
 .text.CySysTickGetCallback
                0x00000000       0x1c .\CortexM0\ARM_GCC_484\Debug\PHProbe.a(CyLib.o)
 .text.CySysTickServiceCallbacks
                0x00000000       0x44 .\CortexM0\ARM_GCC_484\Debug\PHProbe.a(CyLib.o)
 .text          0x00000000        0x0 .\CortexM0\ARM_GCC_484\Debug\PHProbe.a(RED_LED.o)
 .data          0x00000000        0x0 .\CortexM0\ARM_GCC_484\Debug\PHProbe.a(RED_LED.o)
 .bss           0x00000000        0x0 .\CortexM0\ARM_GCC_484\Debug\PHProbe.a(RED_LED.o)
 .text.RED_LED_SetDriveMode
                0x00000000       0x30 .\CortexM0\ARM_GCC_484\Debug\PHProbe.a(RED_LED.o)
 .text.RED_LED_Read
                0x00000000       0x1c .\CortexM0\ARM_GCC_484\Debug\PHProbe.a(RED_LED.o)
 .text.RED_LED_ReadDataReg
                0x00000000       0x1c .\CortexM0\ARM_GCC_484\Debug\PHProbe.a(RED_LED.o)
 .text.RED_LED_ClearInterrupt
                0x00000000       0x30 .\CortexM0\ARM_GCC_484\Debug\PHProbe.a(RED_LED.o)
 .text          0x00000000        0x0 .\CortexM0\ARM_GCC_484\Debug\PHProbe.a(GREEN_LED.o)
 .data          0x00000000        0x0 .\CortexM0\ARM_GCC_484\Debug\PHProbe.a(GREEN_LED.o)
 .bss           0x00000000        0x0 .\CortexM0\ARM_GCC_484\Debug\PHProbe.a(GREEN_LED.o)
 .text.GREEN_LED_SetDriveMode
                0x00000000       0x30 .\CortexM0\ARM_GCC_484\Debug\PHProbe.a(GREEN_LED.o)
 .text.GREEN_LED_Read
                0x00000000       0x1c .\CortexM0\ARM_GCC_484\Debug\PHProbe.a(GREEN_LED.o)
 .text.GREEN_LED_ReadDataReg
                0x00000000       0x1c .\CortexM0\ARM_GCC_484\Debug\PHProbe.a(GREEN_LED.o)
 .text.GREEN_LED_ClearInterrupt
                0x00000000       0x30 .\CortexM0\ARM_GCC_484\Debug\PHProbe.a(GREEN_LED.o)
 .text          0x00000000        0x0 .\CortexM0\ARM_GCC_484\Debug\PHProbe.a(Calibrate.o)
 .data          0x00000000        0x0 .\CortexM0\ARM_GCC_484\Debug\PHProbe.a(Calibrate.o)
 .bss           0x00000000        0x0 .\CortexM0\ARM_GCC_484\Debug\PHProbe.a(Calibrate.o)
 .text.Calibrate_Start
                0x00000000       0x24 .\CortexM0\ARM_GCC_484\Debug\PHProbe.a(Calibrate.o)
 .text.Calibrate_Stop
                0x00000000       0x18 .\CortexM0\ARM_GCC_484\Debug\PHProbe.a(Calibrate.o)
 .text.Calibrate_Interrupt
                0x00000000        0x8 .\CortexM0\ARM_GCC_484\Debug\PHProbe.a(Calibrate.o)
 .text.Calibrate_GetVector
                0x00000000       0x14 .\CortexM0\ARM_GCC_484\Debug\PHProbe.a(Calibrate.o)
 .text.Calibrate_GetPriority
                0x00000000       0x2c .\CortexM0\ARM_GCC_484\Debug\PHProbe.a(Calibrate.o)
 .text.Calibrate_GetState
                0x00000000       0x1c .\CortexM0\ARM_GCC_484\Debug\PHProbe.a(Calibrate.o)
 .text.Calibrate_SetPending
                0x00000000       0x14 .\CortexM0\ARM_GCC_484\Debug\PHProbe.a(Calibrate.o)
 .text.Calibrate_ClearPending
                0x00000000       0x14 .\CortexM0\ARM_GCC_484\Debug\PHProbe.a(Calibrate.o)
 .text          0x00000000        0x0 .\CortexM0\ARM_GCC_484\Debug\PHProbe.a(ADC.o)
 .data          0x00000000        0x0 .\CortexM0\ARM_GCC_484\Debug\PHProbe.a(ADC.o)
 .rodata        0x00000000        0x4 .\CortexM0\ARM_GCC_484\Debug\PHProbe.a(ADC.o)
 .text.ADC_Stop
                0x00000000       0x18 .\CortexM0\ARM_GCC_484\Debug\PHProbe.a(ADC.o)
 .text.ADC_StopConvert
                0x00000000       0x1c .\CortexM0\ARM_GCC_484\Debug\PHProbe.a(ADC.o)
 .text.ADC_SetChanMask
                0x00000000       0x1c .\CortexM0\ARM_GCC_484\Debug\PHProbe.a(ADC.o)
 .text.ADC_SetLowLimit
                0x00000000       0x30 .\CortexM0\ARM_GCC_484\Debug\PHProbe.a(ADC.o)
 .text.ADC_SetHighLimit
                0x00000000       0x2c .\CortexM0\ARM_GCC_484\Debug\PHProbe.a(ADC.o)
 .text.ADC_SetLimitMask
                0x00000000       0x1c .\CortexM0\ARM_GCC_484\Debug\PHProbe.a(ADC.o)
 .text.ADC_SetSatMask
                0x00000000       0x1c .\CortexM0\ARM_GCC_484\Debug\PHProbe.a(ADC.o)
 .text.ADC_SetOffset
                0x00000000       0x30 .\CortexM0\ARM_GCC_484\Debug\PHProbe.a(ADC.o)
 .text.ADC_SetGain
                0x00000000       0x2c .\CortexM0\ARM_GCC_484\Debug\PHProbe.a(ADC.o)
 .text.ADC_CountsTo_uVolts
                0x00000000       0x98 .\CortexM0\ARM_GCC_484\Debug\PHProbe.a(ADC.o)
 .text.ADC_CountsTo_Volts
                0x00000000       0x80 .\CortexM0\ARM_GCC_484\Debug\PHProbe.a(ADC.o)
 .text          0x00000000        0x0 .\CortexM0\ARM_GCC_484\Debug\PHProbe.a(ADC_INT.o)
 .data          0x00000000        0x0 .\CortexM0\ARM_GCC_484\Debug\PHProbe.a(ADC_INT.o)
 .bss           0x00000000        0x0 .\CortexM0\ARM_GCC_484\Debug\PHProbe.a(ADC_INT.o)
 .text          0x00000000        0x0 .\CortexM0\ARM_GCC_484\Debug\PHProbe.a(CALI.o)
 .data          0x00000000        0x0 .\CortexM0\ARM_GCC_484\Debug\PHProbe.a(CALI.o)
 .bss           0x00000000        0x0 .\CortexM0\ARM_GCC_484\Debug\PHProbe.a(CALI.o)
 .text.CALI_Write
                0x00000000       0x48 .\CortexM0\ARM_GCC_484\Debug\PHProbe.a(CALI.o)
 .text.CALI_SetDriveMode
                0x00000000       0x30 .\CortexM0\ARM_GCC_484\Debug\PHProbe.a(CALI.o)
 .text.CALI_ReadDataReg
                0x00000000       0x1c .\CortexM0\ARM_GCC_484\Debug\PHProbe.a(CALI.o)
 .text.CALI_ClearInterrupt
                0x00000000       0x30 .\CortexM0\ARM_GCC_484\Debug\PHProbe.a(CALI.o)
 .text          0x00000000       0x9c c:/program files (x86)/cypress/psoc creator/3.1/psoc creator/import/gnu_cs/arm/4.8.4/bin/../lib/gcc/arm-none-eabi/4.8.4/armv6-m\libgcc.a(_udivsi3.o)
 .data          0x00000000        0x0 c:/program files (x86)/cypress/psoc creator/3.1/psoc creator/import/gnu_cs/arm/4.8.4/bin/../lib/gcc/arm-none-eabi/4.8.4/armv6-m\libgcc.a(_udivsi3.o)
 .bss           0x00000000        0x0 c:/program files (x86)/cypress/psoc creator/3.1/psoc creator/import/gnu_cs/arm/4.8.4/bin/../lib/gcc/arm-none-eabi/4.8.4/armv6-m\libgcc.a(_udivsi3.o)
 .data          0x00000000        0x0 c:/program files (x86)/cypress/psoc creator/3.1/psoc creator/import/gnu_cs/arm/4.8.4/bin/../lib/gcc/arm-none-eabi/4.8.4/armv6-m\libgcc.a(_divsi3.o)
 .bss           0x00000000        0x0 c:/program files (x86)/cypress/psoc creator/3.1/psoc creator/import/gnu_cs/arm/4.8.4/bin/../lib/gcc/arm-none-eabi/4.8.4/armv6-m\libgcc.a(_divsi3.o)
 .data          0x00000000        0x0 c:/program files (x86)/cypress/psoc creator/3.1/psoc creator/import/gnu_cs/arm/4.8.4/bin/../lib/gcc/arm-none-eabi/4.8.4/armv6-m\libgcc.a(_dvmd_tls.o)
 .bss           0x00000000        0x0 c:/program files (x86)/cypress/psoc creator/3.1/psoc creator/import/gnu_cs/arm/4.8.4/bin/../lib/gcc/arm-none-eabi/4.8.4/armv6-m\libgcc.a(_dvmd_tls.o)
 .text          0x00000000       0x48 c:/program files (x86)/cypress/psoc creator/3.1/psoc creator/import/gnu_cs/arm/4.8.4/bin/../lib/gcc/arm-none-eabi/4.8.4/armv6-m\libgcc.a(_aeabi_ldivmod.o)
 .data          0x00000000        0x0 c:/program files (x86)/cypress/psoc creator/3.1/psoc creator/import/gnu_cs/arm/4.8.4/bin/../lib/gcc/arm-none-eabi/4.8.4/armv6-m\libgcc.a(_aeabi_ldivmod.o)
 .bss           0x00000000        0x0 c:/program files (x86)/cypress/psoc creator/3.1/psoc creator/import/gnu_cs/arm/4.8.4/bin/../lib/gcc/arm-none-eabi/4.8.4/armv6-m\libgcc.a(_aeabi_ldivmod.o)
 .text          0x00000000       0x44 c:/program files (x86)/cypress/psoc creator/3.1/psoc creator/import/gnu_cs/arm/4.8.4/bin/../lib/gcc/arm-none-eabi/4.8.4/armv6-m\libgcc.a(_muldi3.o)
 .data          0x00000000        0x0 c:/program files (x86)/cypress/psoc creator/3.1/psoc creator/import/gnu_cs/arm/4.8.4/bin/../lib/gcc/arm-none-eabi/4.8.4/armv6-m\libgcc.a(_muldi3.o)
 .bss           0x00000000        0x0 c:/program files (x86)/cypress/psoc creator/3.1/psoc creator/import/gnu_cs/arm/4.8.4/bin/../lib/gcc/arm-none-eabi/4.8.4/armv6-m\libgcc.a(_muldi3.o)
 .text          0x00000000       0x6c c:/program files (x86)/cypress/psoc creator/3.1/psoc creator/import/gnu_cs/arm/4.8.4/bin/../lib/gcc/arm-none-eabi/4.8.4/armv6-m\libgcc.a(bpabi.o)
 .data          0x00000000        0x0 c:/program files (x86)/cypress/psoc creator/3.1/psoc creator/import/gnu_cs/arm/4.8.4/bin/../lib/gcc/arm-none-eabi/4.8.4/armv6-m\libgcc.a(bpabi.o)
 .bss           0x00000000        0x0 c:/program files (x86)/cypress/psoc creator/3.1/psoc creator/import/gnu_cs/arm/4.8.4/bin/../lib/gcc/arm-none-eabi/4.8.4/armv6-m\libgcc.a(bpabi.o)
 .data          0x00000000        0x0 c:/program files (x86)/cypress/psoc creator/3.1/psoc creator/import/gnu_cs/arm/4.8.4/bin/../lib/gcc/arm-none-eabi/4.8.4/armv6-m\libgcc.a(addsf3.o)
 .bss           0x00000000        0x0 c:/program files (x86)/cypress/psoc creator/3.1/psoc creator/import/gnu_cs/arm/4.8.4/bin/../lib/gcc/arm-none-eabi/4.8.4/armv6-m\libgcc.a(addsf3.o)
 .data          0x00000000        0x0 c:/program files (x86)/cypress/psoc creator/3.1/psoc creator/import/gnu_cs/arm/4.8.4/bin/../lib/gcc/arm-none-eabi/4.8.4/armv6-m\libgcc.a(divsf3.o)
 .bss           0x00000000        0x0 c:/program files (x86)/cypress/psoc creator/3.1/psoc creator/import/gnu_cs/arm/4.8.4/bin/../lib/gcc/arm-none-eabi/4.8.4/armv6-m\libgcc.a(divsf3.o)
 .text          0x00000000      0x254 c:/program files (x86)/cypress/psoc creator/3.1/psoc creator/import/gnu_cs/arm/4.8.4/bin/../lib/gcc/arm-none-eabi/4.8.4/armv6-m\libgcc.a(mulsf3.o)
 .data          0x00000000        0x0 c:/program files (x86)/cypress/psoc creator/3.1/psoc creator/import/gnu_cs/arm/4.8.4/bin/../lib/gcc/arm-none-eabi/4.8.4/armv6-m\libgcc.a(mulsf3.o)
 .bss           0x00000000        0x0 c:/program files (x86)/cypress/psoc creator/3.1/psoc creator/import/gnu_cs/arm/4.8.4/bin/../lib/gcc/arm-none-eabi/4.8.4/armv6-m\libgcc.a(mulsf3.o)
 .rodata        0x00000000       0x40 c:/program files (x86)/cypress/psoc creator/3.1/psoc creator/import/gnu_cs/arm/4.8.4/bin/../lib/gcc/arm-none-eabi/4.8.4/armv6-m\libgcc.a(mulsf3.o)
 .data          0x00000000        0x0 c:/program files (x86)/cypress/psoc creator/3.1/psoc creator/import/gnu_cs/arm/4.8.4/bin/../lib/gcc/arm-none-eabi/4.8.4/armv6-m\libgcc.a(subsf3.o)
 .bss           0x00000000        0x0 c:/program files (x86)/cypress/psoc creator/3.1/psoc creator/import/gnu_cs/arm/4.8.4/bin/../lib/gcc/arm-none-eabi/4.8.4/armv6-m\libgcc.a(subsf3.o)
 .data          0x00000000        0x0 c:/program files (x86)/cypress/psoc creator/3.1/psoc creator/import/gnu_cs/arm/4.8.4/bin/../lib/gcc/arm-none-eabi/4.8.4/armv6-m\libgcc.a(floatsisf.o)
 .bss           0x00000000        0x0 c:/program files (x86)/cypress/psoc creator/3.1/psoc creator/import/gnu_cs/arm/4.8.4/bin/../lib/gcc/arm-none-eabi/4.8.4/armv6-m\libgcc.a(floatsisf.o)
 .data          0x00000000        0x0 c:/program files (x86)/cypress/psoc creator/3.1/psoc creator/import/gnu_cs/arm/4.8.4/bin/../lib/gcc/arm-none-eabi/4.8.4/armv6-m\libgcc.a(_clzsi2.o)
 .bss           0x00000000        0x0 c:/program files (x86)/cypress/psoc creator/3.1/psoc creator/import/gnu_cs/arm/4.8.4/bin/../lib/gcc/arm-none-eabi/4.8.4/armv6-m\libgcc.a(_clzsi2.o)
 .text          0x00000000      0x3b8 c:/program files (x86)/cypress/psoc creator/3.1/psoc creator/import/gnu_cs/arm/4.8.4/bin/../lib/gcc/arm-none-eabi/4.8.4/armv6-m\libgcc.a(_divdi3.o)
 .data          0x00000000        0x0 c:/program files (x86)/cypress/psoc creator/3.1/psoc creator/import/gnu_cs/arm/4.8.4/bin/../lib/gcc/arm-none-eabi/4.8.4/armv6-m\libgcc.a(_divdi3.o)
 .bss           0x00000000        0x0 c:/program files (x86)/cypress/psoc creator/3.1/psoc creator/import/gnu_cs/arm/4.8.4/bin/../lib/gcc/arm-none-eabi/4.8.4/armv6-m\libgcc.a(_divdi3.o)
 .ARM.extab     0x00000000        0x0 c:/program files (x86)/cypress/psoc creator/3.1/psoc creator/import/gnu_cs/arm/4.8.4/bin/../lib/gcc/arm-none-eabi/4.8.4/armv6-m\libgcc.a(_divdi3.o)
 .ARM.exidx     0x00000000        0x8 c:/program files (x86)/cypress/psoc creator/3.1/psoc creator/import/gnu_cs/arm/4.8.4/bin/../lib/gcc/arm-none-eabi/4.8.4/armv6-m\libgcc.a(_divdi3.o)
 .text          0x00000000      0x384 c:/program files (x86)/cypress/psoc creator/3.1/psoc creator/import/gnu_cs/arm/4.8.4/bin/../lib/gcc/arm-none-eabi/4.8.4/armv6-m\libgcc.a(_udivdi3.o)
 .data          0x00000000        0x0 c:/program files (x86)/cypress/psoc creator/3.1/psoc creator/import/gnu_cs/arm/4.8.4/bin/../lib/gcc/arm-none-eabi/4.8.4/armv6-m\libgcc.a(_udivdi3.o)
 .bss           0x00000000        0x0 c:/program files (x86)/cypress/psoc creator/3.1/psoc creator/import/gnu_cs/arm/4.8.4/bin/../lib/gcc/arm-none-eabi/4.8.4/armv6-m\libgcc.a(_udivdi3.o)
 .ARM.extab     0x00000000        0x0 c:/program files (x86)/cypress/psoc creator/3.1/psoc creator/import/gnu_cs/arm/4.8.4/bin/../lib/gcc/arm-none-eabi/4.8.4/armv6-m\libgcc.a(_udivdi3.o)
 .ARM.exidx     0x00000000        0x8 c:/program files (x86)/cypress/psoc creator/3.1/psoc creator/import/gnu_cs/arm/4.8.4/bin/../lib/gcc/arm-none-eabi/4.8.4/armv6-m\libgcc.a(_udivdi3.o)
 .text          0x00000000        0x0 c:/program files (x86)/cypress/psoc creator/3.1/psoc creator/import/gnu_cs/arm/4.8.4/bin/../lib/gcc/arm-none-eabi/4.8.4/../../../../arm-none-eabi/lib/armv6-m\libg_s.a(lib_a-errno.o)
 .data          0x00000000        0x0 c:/program files (x86)/cypress/psoc creator/3.1/psoc creator/import/gnu_cs/arm/4.8.4/bin/../lib/gcc/arm-none-eabi/4.8.4/../../../../arm-none-eabi/lib/armv6-m\libg_s.a(lib_a-errno.o)
 .bss           0x00000000        0x0 c:/program files (x86)/cypress/psoc creator/3.1/psoc creator/import/gnu_cs/arm/4.8.4/bin/../lib/gcc/arm-none-eabi/4.8.4/../../../../arm-none-eabi/lib/armv6-m\libg_s.a(lib_a-errno.o)
 .text.__errno  0x00000000        0xc c:/program files (x86)/cypress/psoc creator/3.1/psoc creator/import/gnu_cs/arm/4.8.4/bin/../lib/gcc/arm-none-eabi/4.8.4/../../../../arm-none-eabi/lib/armv6-m\libg_s.a(lib_a-errno.o)
 .text          0x00000000        0x0 c:/program files (x86)/cypress/psoc creator/3.1/psoc creator/import/gnu_cs/arm/4.8.4/bin/../lib/gcc/arm-none-eabi/4.8.4/../../../../arm-none-eabi/lib/armv6-m\libg_s.a(lib_a-exit.o)
 .data          0x00000000        0x0 c:/program files (x86)/cypress/psoc creator/3.1/psoc creator/import/gnu_cs/arm/4.8.4/bin/../lib/gcc/arm-none-eabi/4.8.4/../../../../arm-none-eabi/lib/armv6-m\libg_s.a(lib_a-exit.o)
 .bss           0x00000000        0x0 c:/program files (x86)/cypress/psoc creator/3.1/psoc creator/import/gnu_cs/arm/4.8.4/bin/../lib/gcc/arm-none-eabi/4.8.4/../../../../arm-none-eabi/lib/armv6-m\libg_s.a(lib_a-exit.o)
 .text.exit     0x00000000       0x2c c:/program files (x86)/cypress/psoc creator/3.1/psoc creator/import/gnu_cs/arm/4.8.4/bin/../lib/gcc/arm-none-eabi/4.8.4/../../../../arm-none-eabi/lib/armv6-m\libg_s.a(lib_a-exit.o)
 .text          0x00000000        0x0 c:/program files (x86)/cypress/psoc creator/3.1/psoc creator/import/gnu_cs/arm/4.8.4/bin/../lib/gcc/arm-none-eabi/4.8.4/../../../../arm-none-eabi/lib/armv6-m\libg_s.a(lib_a-impure.o)
 .data          0x00000000        0x0 c:/program files (x86)/cypress/psoc creator/3.1/psoc creator/import/gnu_cs/arm/4.8.4/bin/../lib/gcc/arm-none-eabi/4.8.4/../../../../arm-none-eabi/lib/armv6-m\libg_s.a(lib_a-impure.o)
 .bss           0x00000000        0x0 c:/program files (x86)/cypress/psoc creator/3.1/psoc creator/import/gnu_cs/arm/4.8.4/bin/../lib/gcc/arm-none-eabi/4.8.4/../../../../arm-none-eabi/lib/armv6-m\libg_s.a(lib_a-impure.o)
 .data.impure_data
                0x00000000       0x60 c:/program files (x86)/cypress/psoc creator/3.1/psoc creator/import/gnu_cs/arm/4.8.4/bin/../lib/gcc/arm-none-eabi/4.8.4/../../../../arm-none-eabi/lib/armv6-m\libg_s.a(lib_a-impure.o)
 .data._impure_ptr
                0x00000000        0x4 c:/program files (x86)/cypress/psoc creator/3.1/psoc creator/import/gnu_cs/arm/4.8.4/bin/../lib/gcc/arm-none-eabi/4.8.4/../../../../arm-none-eabi/lib/armv6-m\libg_s.a(lib_a-impure.o)
 .rodata.str1.1
                0x00000000        0x2 c:/program files (x86)/cypress/psoc creator/3.1/psoc creator/import/gnu_cs/arm/4.8.4/bin/../lib/gcc/arm-none-eabi/4.8.4/../../../../arm-none-eabi/lib/armv6-m\libg_s.a(lib_a-impure.o)
 .rodata._global_impure_ptr
                0x00000000        0x4 c:/program files (x86)/cypress/psoc creator/3.1/psoc creator/import/gnu_cs/arm/4.8.4/bin/../lib/gcc/arm-none-eabi/4.8.4/../../../../arm-none-eabi/lib/armv6-m\libg_s.a(lib_a-impure.o)
 .text          0x00000000        0x0 c:/program files (x86)/cypress/psoc creator/3.1/psoc creator/import/gnu_cs/arm/4.8.4/bin/../lib/gcc/arm-none-eabi/4.8.4/../../../../arm-none-eabi/lib/armv6-m\libg_s.a(lib_a-init.o)
 .data          0x00000000        0x0 c:/program files (x86)/cypress/psoc creator/3.1/psoc creator/import/gnu_cs/arm/4.8.4/bin/../lib/gcc/arm-none-eabi/4.8.4/../../../../arm-none-eabi/lib/armv6-m\libg_s.a(lib_a-init.o)
 .bss           0x00000000        0x0 c:/program files (x86)/cypress/psoc creator/3.1/psoc creator/import/gnu_cs/arm/4.8.4/bin/../lib/gcc/arm-none-eabi/4.8.4/../../../../arm-none-eabi/lib/armv6-m\libg_s.a(lib_a-init.o)
 .text          0x00000000        0x0 c:/program files (x86)/cypress/psoc creator/3.1/psoc creator/import/gnu_cs/arm/4.8.4/bin/../lib/gcc/arm-none-eabi/4.8.4/../../../../arm-none-eabi/lib/armv6-m\libg_s.a(lib_a-memcpy-stub.o)
 .data          0x00000000        0x0 c:/program files (x86)/cypress/psoc creator/3.1/psoc creator/import/gnu_cs/arm/4.8.4/bin/../lib/gcc/arm-none-eabi/4.8.4/../../../../arm-none-eabi/lib/armv6-m\libg_s.a(lib_a-memcpy-stub.o)
 .bss           0x00000000        0x0 c:/program files (x86)/cypress/psoc creator/3.1/psoc creator/import/gnu_cs/arm/4.8.4/bin/../lib/gcc/arm-none-eabi/4.8.4/../../../../arm-none-eabi/lib/armv6-m\libg_s.a(lib_a-memcpy-stub.o)
 .text.memcpy   0x00000000       0x12 c:/program files (x86)/cypress/psoc creator/3.1/psoc creator/import/gnu_cs/arm/4.8.4/bin/../lib/gcc/arm-none-eabi/4.8.4/../../../../arm-none-eabi/lib/armv6-m\libg_s.a(lib_a-memcpy-stub.o)
 .text          0x00000000        0x0 c:/program files (x86)/cypress/psoc creator/3.1/psoc creator/import/gnu_cs/arm/4.8.4/bin/../lib/gcc/arm-none-eabi/4.8.4/../../../../arm-none-eabi/lib/armv6-m\libg_s.a(lib_a-memset.o)
 .data          0x00000000        0x0 c:/program files (x86)/cypress/psoc creator/3.1/psoc creator/import/gnu_cs/arm/4.8.4/bin/../lib/gcc/arm-none-eabi/4.8.4/../../../../arm-none-eabi/lib/armv6-m\libg_s.a(lib_a-memset.o)
 .bss           0x00000000        0x0 c:/program files (x86)/cypress/psoc creator/3.1/psoc creator/import/gnu_cs/arm/4.8.4/bin/../lib/gcc/arm-none-eabi/4.8.4/../../../../arm-none-eabi/lib/armv6-m\libg_s.a(lib_a-memset.o)
 .text          0x00000000        0x0 c:/program files (x86)/cypress/psoc creator/3.1/psoc creator/import/gnu_cs/arm/4.8.4/bin/../lib/gcc/arm-none-eabi/4.8.4/armv6-m/crtend.o
 .data          0x00000000        0x0 c:/program files (x86)/cypress/psoc creator/3.1/psoc creator/import/gnu_cs/arm/4.8.4/bin/../lib/gcc/arm-none-eabi/4.8.4/armv6-m/crtend.o
 .bss           0x00000000        0x0 c:/program files (x86)/cypress/psoc creator/3.1/psoc creator/import/gnu_cs/arm/4.8.4/bin/../lib/gcc/arm-none-eabi/4.8.4/armv6-m/crtend.o
 .text          0x00000000        0x0 c:/program files (x86)/cypress/psoc creator/3.1/psoc creator/import/gnu_cs/arm/4.8.4/bin/../lib/gcc/arm-none-eabi/4.8.4/armv6-m/crtn.o
 .data          0x00000000        0x0 c:/program files (x86)/cypress/psoc creator/3.1/psoc creator/import/gnu_cs/arm/4.8.4/bin/../lib/gcc/arm-none-eabi/4.8.4/armv6-m/crtn.o
 .bss           0x00000000        0x0 c:/program files (x86)/cypress/psoc creator/3.1/psoc creator/import/gnu_cs/arm/4.8.4/bin/../lib/gcc/arm-none-eabi/4.8.4/armv6-m/crtn.o

Memory Configuration

Name             Origin             Length             Attributes
rom              0x00000000         0x00008000         xr
ram              0x20000000         0x00001000         xrw
*default*        0x00000000         0xffffffff

Linker script and memory map

LOAD c:/program files (x86)/cypress/psoc creator/3.1/psoc creator/import/gnu_cs/arm/4.8.4/bin/../lib/gcc/arm-none-eabi/4.8.4/armv6-m/crti.o
LOAD c:/program files (x86)/cypress/psoc creator/3.1/psoc creator/import/gnu_cs/arm/4.8.4/bin/../lib/gcc/arm-none-eabi/4.8.4/armv6-m/crtbegin.o
LOAD c:/program files (x86)/cypress/psoc creator/3.1/psoc creator/import/gnu_cs/arm/4.8.4/bin/../lib/gcc/arm-none-eabi/4.8.4/../../../../arm-none-eabi/lib/armv6-m/crt0.o
START GROUP
LOAD .\CortexM0\ARM_GCC_484\Debug\main.o
LOAD .\CortexM0\ARM_GCC_484\Debug\cymetadata.o
LOAD .\CortexM0\ARM_GCC_484\Debug\Cm0Start.o
LOAD .\CortexM0\ARM_GCC_484\Debug\PHProbe.a
LOAD C:\Program Files (x86)\Cypress\PSoC Creator\3.1\PSoC Creator\psoc\content\cycomponentlibrary\CyComponentLibrary.cylib\CortexM0\ARM_GCC_484\Debug\CyComponentLibrary.a
END GROUP
START GROUP
LOAD c:/program files (x86)/cypress/psoc creator/3.1/psoc creator/import/gnu_cs/arm/4.8.4/bin/../lib/gcc/arm-none-eabi/4.8.4/armv6-m\libgcc.a
LOAD c:/program files (x86)/cypress/psoc creator/3.1/psoc creator/import/gnu_cs/arm/4.8.4/bin/../lib/gcc/arm-none-eabi/4.8.4/../../../../arm-none-eabi/lib/armv6-m\libg_s.a
LOAD c:/program files (x86)/cypress/psoc creator/3.1/psoc creator/import/gnu_cs/arm/4.8.4/bin/../lib/gcc/arm-none-eabi/4.8.4/../../../../arm-none-eabi/lib/armv6-m\libc_s.a
END GROUP
START GROUP
LOAD c:/program files (x86)/cypress/psoc creator/3.1/psoc creator/import/gnu_cs/arm/4.8.4/bin/../lib/gcc/arm-none-eabi/4.8.4/armv6-m\libgcc.a
LOAD c:/program files (x86)/cypress/psoc creator/3.1/psoc creator/import/gnu_cs/arm/4.8.4/bin/../lib/gcc/arm-none-eabi/4.8.4/../../../../arm-none-eabi/lib/armv6-m\libc_s.a
END GROUP
LOAD c:/program files (x86)/cypress/psoc creator/3.1/psoc creator/import/gnu_cs/arm/4.8.4/bin/../lib/gcc/arm-none-eabi/4.8.4/armv6-m/crtend.o
LOAD c:/program files (x86)/cypress/psoc creator/3.1/psoc creator/import/gnu_cs/arm/4.8.4/bin/../lib/gcc/arm-none-eabi/4.8.4/armv6-m/crtn.o
START GROUP
LOAD c:/program files (x86)/cypress/psoc creator/3.1/psoc creator/import/gnu_cs/arm/4.8.4/bin/../lib/gcc/arm-none-eabi/4.8.4/armv6-m\libgcc.a
LOAD c:/program files (x86)/cypress/psoc creator/3.1/psoc creator/import/gnu_cs/arm/4.8.4/bin/../lib/gcc/arm-none-eabi/4.8.4/../../../../arm-none-eabi/lib/armv6-m\libc.a
LOAD c:/program files (x86)/cypress/psoc creator/3.1/psoc creator/import/gnu_cs/arm/4.8.4/bin/../lib/gcc/arm-none-eabi/4.8.4/../../../../arm-none-eabi/lib/armv6-m\libnosys.a
END GROUP
                0x00000000                CY_APPL_ORIGIN = 0x0
                0x00000080                CY_FLASH_ROW_SIZE = 0x80
                0x00000001                CY_APPL_NUM = 0x1
                0x00000040                CY_METADATA_SIZE = 0x40
                0x20000128                PROVIDE (__cy_heap_start, _end)
                0x00000001                PROVIDE (__cy_region_num, ((__cy_regions_end - __cy_regions) / 0x10))
                0x20001000                PROVIDE (__cy_stack, (ORIGIN (ram) + 0x1000))
                0x20000c00                PROVIDE (__cy_heap_end, (__cy_stack - 0x400))

.cybootloader   0x00000000        0x0
 *(.cybootloader)
                0x00000000                appl1_start = CY_APPL_ORIGIN?CY_APPL_ORIGIN:ALIGN (CY_FLASH_ROW_SIZE)
                0x00003f80                appl2_start = (appl1_start + ALIGN ((((0x8000 - appl1_start) - (0x2 * CY_FLASH_ROW_SIZE)) / 0x2), CY_FLASH_ROW_SIZE))
                0x00000000                appl_start = (CY_APPL_NUM == 0x1)?appl1_start:appl2_start

.text           0x00000000     0x1798
 CREATE_OBJECT_SYMBOLS
                0x00000000                PROVIDE (__cy_interrupt_vector, RomVectors)
 *(.romvectors)
 .romvectors    0x00000000       0x10 .\CortexM0\ARM_GCC_484\Debug\Cm0Start.o
                0x00000000                RomVectors
                0x00000001                ASSERT ((. != __cy_interrupt_vector), No interrupt vector)
                0x00000001                ASSERT (CY_APPL_ORIGIN?(SIZEOF (.cybootloader) <= CY_APPL_ORIGIN):0x1, Wrong image location)
                0x00000010                PROVIDE (__cy_reset, Reset)
 *(.text.Reset)
 .text.Reset    0x00000010        0x8 .\CortexM0\ARM_GCC_484\Debug\Cm0Start.o
                0x00000010                Reset
                0x00000001                ASSERT ((. != __cy_reset), No reset code)
 *(.psocinit)
 .psocinit      0x00000018      0x2ac .\CortexM0\ARM_GCC_484\Debug\PHProbe.a(cyfitter_cfg.o)
                0x0000016c                cyfitter_cfg
                0x000002c4                . = MAX (., 0x100)
 *(.text .text.* .gnu.linkonce.t.*)
 .text          0x000002c4       0x60 c:/program files (x86)/cypress/psoc creator/3.1/psoc creator/import/gnu_cs/arm/4.8.4/bin/../lib/gcc/arm-none-eabi/4.8.4/armv6-m/crtbegin.o
 .text.mvToPh   0x00000324       0x50 .\CortexM0\ARM_GCC_484\Debug\main.o
                0x00000324                mvToPh
 .text.getPhVal
                0x00000374       0x70 .\CortexM0\ARM_GCC_484\Debug\main.o
                0x00000374                getPhVal
 .text.CALIBRATE
                0x000003e4       0x90 .\CortexM0\ARM_GCC_484\Debug\main.o
                0x000003e4                CALIBRATE
 .text.main     0x00000474       0x58 .\CortexM0\ARM_GCC_484\Debug\main.o
                0x00000474                main
 .text.IntDefaultHandler
                0x000004cc        0x8 .\CortexM0\ARM_GCC_484\Debug\Cm0Start.o
                0x000004cc                IntDefaultHandler
 .text.Start_c  0x000004d4       0x98 .\CortexM0\ARM_GCC_484\Debug\Cm0Start.o
                0x000004d4                Start_c
 .text.initialize_psoc
                0x0000056c       0x64 .\CortexM0\ARM_GCC_484\Debug\Cm0Start.o
                0x0000056c                initialize_psoc
 .text.CYMEMZERO
                0x000005d0       0x20 .\CortexM0\ARM_GCC_484\Debug\PHProbe.a(cyfitter_cfg.o)
 .text.cfg_write_bytes32
                0x000005f0       0x80 .\CortexM0\ARM_GCC_484\Debug\PHProbe.a(cyfitter_cfg.o)
 .text.AnalogSetDefault
                0x00000670       0x24 .\CortexM0\ARM_GCC_484\Debug\PHProbe.a(cyfitter_cfg.o)
 .text.Opamp_1_Init
                0x00000694       0x34 .\CortexM0\ARM_GCC_484\Debug\PHProbe.a(Opamp_1.o)
                0x00000694                Opamp_1_Init
 .text.Opamp_1_Enable
                0x000006c8       0x24 .\CortexM0\ARM_GCC_484\Debug\PHProbe.a(Opamp_1.o)
                0x000006c8                Opamp_1_Enable
 .text.Opamp_1_Start
                0x000006ec       0x24 .\CortexM0\ARM_GCC_484\Debug\PHProbe.a(Opamp_1.o)
                0x000006ec                Opamp_1_Start
 .text          0x00000710       0x28 .\CortexM0\ARM_GCC_484\Debug\PHProbe.a(CyBootAsmGnu.o)
                0x00000710                CyDelayCycles
                0x00000724                CyEnterCriticalSection
                0x0000072c                CyExitCriticalSection
 .text.CyIntSetVector
                0x00000738       0x4c .\CortexM0\ARM_GCC_484\Debug\PHProbe.a(CyLib.o)
                0x00000738                CyIntSetVector
 .text.CyIntSetPriority
                0x00000784       0xa8 .\CortexM0\ARM_GCC_484\Debug\PHProbe.a(CyLib.o)
                0x00000784                CyIntSetPriority
 .text.CyHalt   0x0000082c       0x14 .\CortexM0\ARM_GCC_484\Debug\PHProbe.a(CyLib.o)
                0x0000082c                CyHalt
 .text.CyDelay  0x00000840       0x48 .\CortexM0\ARM_GCC_484\Debug\PHProbe.a(CyLib.o)
                0x00000840                CyDelay
 .text.CyDelayUs
                0x00000888       0x28 .\CortexM0\ARM_GCC_484\Debug\PHProbe.a(CyLib.o)
                0x00000888                CyDelayUs
 .text.RED_LED_Write
                0x000008b0       0x4c .\CortexM0\ARM_GCC_484\Debug\PHProbe.a(RED_LED.o)
                0x000008b0                RED_LED_Write
 .text.GREEN_LED_Write
                0x000008fc       0x4c .\CortexM0\ARM_GCC_484\Debug\PHProbe.a(GREEN_LED.o)
                0x000008fc                GREEN_LED_Write
 .text.Calibrate_StartEx
                0x00000948       0x24 .\CortexM0\ARM_GCC_484\Debug\PHProbe.a(Calibrate.o)
                0x00000948                Calibrate_StartEx
 .text.Calibrate_SetVector
                0x0000096c       0x18 .\CortexM0\ARM_GCC_484\Debug\PHProbe.a(Calibrate.o)
                0x0000096c                Calibrate_SetVector
 .text.Calibrate_SetPriority
                0x00000984       0x50 .\CortexM0\ARM_GCC_484\Debug\PHProbe.a(Calibrate.o)
                0x00000984                Calibrate_SetPriority
 .text.Calibrate_Enable
                0x000009d4       0x14 .\CortexM0\ARM_GCC_484\Debug\PHProbe.a(Calibrate.o)
                0x000009d4                Calibrate_Enable
 .text.Calibrate_Disable
                0x000009e8       0x14 .\CortexM0\ARM_GCC_484\Debug\PHProbe.a(Calibrate.o)
                0x000009e8                Calibrate_Disable
 .text.ADC_Start
                0x000009fc       0x24 .\CortexM0\ARM_GCC_484\Debug\PHProbe.a(ADC.o)
                0x000009fc                ADC_Start
 .text.ADC_Init
                0x00000a20      0x1a8 .\CortexM0\ARM_GCC_484\Debug\PHProbe.a(ADC.o)
                0x00000a20                ADC_Init
 .text.ADC_Enable
                0x00000bc8       0x28 .\CortexM0\ARM_GCC_484\Debug\PHProbe.a(ADC.o)
                0x00000bc8                ADC_Enable
 .text.ADC_StartConvert
                0x00000bf0       0x1c .\CortexM0\ARM_GCC_484\Debug\PHProbe.a(ADC.o)
                0x00000bf0                ADC_StartConvert
 .text.ADC_IsEndConversion
                0x00000c0c       0x48 .\CortexM0\ARM_GCC_484\Debug\PHProbe.a(ADC.o)
                0x00000c0c                ADC_IsEndConversion
 .text.ADC_GetResult16
                0x00000c54       0x44 .\CortexM0\ARM_GCC_484\Debug\PHProbe.a(ADC.o)
                0x00000c54                ADC_GetResult16
 .text.ADC_CountsTo_mVolts
                0x00000c98       0xa4 .\CortexM0\ARM_GCC_484\Debug\PHProbe.a(ADC.o)
                0x00000c98                ADC_CountsTo_mVolts
 .text.ADC_ISR  0x00000d3c       0x1c .\CortexM0\ARM_GCC_484\Debug\PHProbe.a(ADC_INT.o)
                0x00000d3c                ADC_ISR
 .text.CALI_Read
                0x00000d58       0x1c .\CortexM0\ARM_GCC_484\Debug\PHProbe.a(CALI.o)
                0x00000d58                CALI_Read
 .text          0x00000d74       0xc0 c:/program files (x86)/cypress/psoc creator/3.1/psoc creator/import/gnu_cs/arm/4.8.4/bin/../lib/gcc/arm-none-eabi/4.8.4/armv6-m\libgcc.a(_divsi3.o)
                0x00000d74                __divsi3
                0x00000d74                __aeabi_idiv
                0x00000e20                __aeabi_idivmod
 .text          0x00000e34        0x4 c:/program files (x86)/cypress/psoc creator/3.1/psoc creator/import/gnu_cs/arm/4.8.4/bin/../lib/gcc/arm-none-eabi/4.8.4/armv6-m\libgcc.a(_dvmd_tls.o)
                0x00000e34                __aeabi_idiv0
                0x00000e34                __aeabi_ldiv0
 .text          0x00000e38      0x2d8 c:/program files (x86)/cypress/psoc creator/3.1/psoc creator/import/gnu_cs/arm/4.8.4/bin/../lib/gcc/arm-none-eabi/4.8.4/armv6-m\libgcc.a(addsf3.o)
                0x00000e38                __aeabi_fadd
 .text          0x00001110      0x24c c:/program files (x86)/cypress/psoc creator/3.1/psoc creator/import/gnu_cs/arm/4.8.4/bin/../lib/gcc/arm-none-eabi/4.8.4/armv6-m\libgcc.a(divsf3.o)
                0x00001110                __aeabi_fdiv
 .text          0x0000135c      0x2ec c:/program files (x86)/cypress/psoc creator/3.1/psoc creator/import/gnu_cs/arm/4.8.4/bin/../lib/gcc/arm-none-eabi/4.8.4/armv6-m\libgcc.a(subsf3.o)
                0x0000135c                __aeabi_fsub
 .text          0x00001648       0xb8 c:/program files (x86)/cypress/psoc creator/3.1/psoc creator/import/gnu_cs/arm/4.8.4/bin/../lib/gcc/arm-none-eabi/4.8.4/armv6-m\libgcc.a(floatsisf.o)
                0x00001648                __aeabi_i2f
 .text          0x00001700       0x3c c:/program files (x86)/cypress/psoc creator/3.1/psoc creator/import/gnu_cs/arm/4.8.4/bin/../lib/gcc/arm-none-eabi/4.8.4/armv6-m\libgcc.a(_clzsi2.o)
                0x00001700                __clzsi2
 .text.__libc_init_array
                0x0000173c       0x4c c:/program files (x86)/cypress/psoc creator/3.1/psoc creator/import/gnu_cs/arm/4.8.4/bin/../lib/gcc/arm-none-eabi/4.8.4/../../../../arm-none-eabi/lib/armv6-m\libg_s.a(lib_a-init.o)
                0x0000173c                __libc_init_array
 .text.memset   0x00001788       0x10 c:/program files (x86)/cypress/psoc creator/3.1/psoc creator/import/gnu_cs/arm/4.8.4/bin/../lib/gcc/arm-none-eabi/4.8.4/../../../../arm-none-eabi/lib/armv6-m\libg_s.a(lib_a-memset.o)
                0x00001788                memset
 *(.plt)
 *(.gnu.warning)
 *(.glue_7t)
 .glue_7t       0x00000000        0x0 linker stubs
 *(.glue_7)
 .glue_7        0x00000000        0x0 linker stubs
 *(.vfp11_veneer)
 .vfp11_veneer  0x00000000        0x0 linker stubs
 *(.bootloader)
 *(.ARM.extab* .gnu.linkonce.armextab.*)
 *(.gcc_except_table)

.v4_bx          0x00001798        0x0
 .v4_bx         0x00000000        0x0 linker stubs

.iplt           0x00001798        0x0
 .iplt          0x00000000        0x0 c:/program files (x86)/cypress/psoc creator/3.1/psoc creator/import/gnu_cs/arm/4.8.4/bin/../lib/gcc/arm-none-eabi/4.8.4/armv6-m/crtbegin.o

.eh_frame_hdr
 *(.eh_frame_hdr)

.eh_frame       0x00001798        0x4
 *(.eh_frame)
 .eh_frame      0x00001798        0x0 c:/program files (x86)/cypress/psoc creator/3.1/psoc creator/import/gnu_cs/arm/4.8.4/bin/../lib/gcc/arm-none-eabi/4.8.4/armv6-m/crtbegin.o
 .eh_frame      0x00001798        0x4 c:/program files (x86)/cypress/psoc creator/3.1/psoc creator/import/gnu_cs/arm/4.8.4/bin/../lib/gcc/arm-none-eabi/4.8.4/armv6-m/crtend.o
                0x0000179c                PROVIDE (__exidx_start, .)

.ARM.exidx
 *(.ARM.exidx* .gnu.linkonce.armexidx.*)
                0x0000179c                __exidx_end = .

.rodata         0x0000179c       0xdc
 *(.rodata .rodata.* .gnu.linkonce.r.*)
 .rodata        0x0000179c       0x68 .\CortexM0\ARM_GCC_484\Debug\PHProbe.a(cyfitter_cfg.o)
 .rodata        0x00001804       0x40 c:/program files (x86)/cypress/psoc creator/3.1/psoc creator/import/gnu_cs/arm/4.8.4/bin/../lib/gcc/arm-none-eabi/4.8.4/armv6-m\libgcc.a(divsf3.o)
                0x00001844                . = ALIGN (0x4)
 *(.init)
 .init          0x00001844        0x4 c:/program files (x86)/cypress/psoc creator/3.1/psoc creator/import/gnu_cs/arm/4.8.4/bin/../lib/gcc/arm-none-eabi/4.8.4/armv6-m/crti.o
                0x00001844                _init
 .init          0x00001848        0x8 c:/program files (x86)/cypress/psoc creator/3.1/psoc creator/import/gnu_cs/arm/4.8.4/bin/../lib/gcc/arm-none-eabi/4.8.4/armv6-m/crtn.o
                0x00001850                . = ALIGN (0x4)
                0x00001850                __preinit_array_start = .
 *(.preinit_array)
                0x00001850                __preinit_array_end = .
                0x00001850                . = ALIGN (0x4)
                0x00001850                __init_array_start = .
 *(SORT(.init_array.*))
 *(.init_array)
 .init_array    0x00001850        0x4 c:/program files (x86)/cypress/psoc creator/3.1/psoc creator/import/gnu_cs/arm/4.8.4/bin/../lib/gcc/arm-none-eabi/4.8.4/armv6-m/crtbegin.o
 .init_array    0x00001854        0x4 .\CortexM0\ARM_GCC_484\Debug\Cm0Start.o
                0x00001858                __init_array_end = .
                0x00001858                . = ALIGN (0x4)
 *(.fini)
 .fini          0x00001858        0x4 c:/program files (x86)/cypress/psoc creator/3.1/psoc creator/import/gnu_cs/arm/4.8.4/bin/../lib/gcc/arm-none-eabi/4.8.4/armv6-m/crti.o
                0x00001858                _fini
 .fini          0x0000185c        0x8 c:/program files (x86)/cypress/psoc creator/3.1/psoc creator/import/gnu_cs/arm/4.8.4/bin/../lib/gcc/arm-none-eabi/4.8.4/armv6-m/crtn.o
                0x00001864                . = ALIGN (0x4)
                0x00001864                __fini_array_start = .
 *(.fini_array)
 .fini_array    0x00001864        0x4 c:/program files (x86)/cypress/psoc creator/3.1/psoc creator/import/gnu_cs/arm/4.8.4/bin/../lib/gcc/arm-none-eabi/4.8.4/armv6-m/crtbegin.o
 *(SORT(.fini_array.*))
                0x00001868                __fini_array_end = .
                0x00001868                . = ALIGN (0x4)
 *crtbegin.o(.ctors)
 *(EXCLUDE_FILE(*crtend.o) .ctors)
 *(SORT(.ctors.*))
 *crtend.o(.ctors)
                0x00001868                . = ALIGN (0x4)
 *crtbegin.o(.dtors)
 *(EXCLUDE_FILE(*crtend.o) .dtors)
 *(SORT(.dtors.*))
 *crtend.o(.dtors)
                0x00001868                . = ALIGN (0x4)
                0x00001868                __cy_regions = .
                0x00001868        0x4 LONG 0x1878 __cy_region_init_ram
                0x0000186c        0x4 LONG 0x200000c8 __cy_region_start_data
                0x00001870        0x4 LONG 0x18 __cy_region_init_size_ram
                0x00001874        0x4 LONG 0x48 __cy_region_zero_size_ram
                0x00001878                __cy_regions_end = .
                0x00001878                . = ALIGN (0x8)
                0x00001878                _etext = .

.ramvectors     0x20000000       0xc0
                0x20000000                __cy_region_start_ram = .
 *(.ramvectors)
 .ramvectors    0x20000000       0xc0 .\CortexM0\ARM_GCC_484\Debug\Cm0Start.o
                0x20000000                CyRamVectors

.noinit         0x200000c0        0x4
 *(.noinit)
 .noinit        0x200000c0        0x4 .\CortexM0\ARM_GCC_484\Debug\Cm0Start.o

.data           0x200000c8       0x18 load address 0x00001878
                0x200000c8                __cy_region_start_data = .
 *(.jcr)
 .jcr           0x200000c8        0x0 c:/program files (x86)/cypress/psoc creator/3.1/psoc creator/import/gnu_cs/arm/4.8.4/bin/../lib/gcc/arm-none-eabi/4.8.4/armv6-m/crtbegin.o
 .jcr           0x200000c8        0x4 c:/program files (x86)/cypress/psoc creator/3.1/psoc creator/import/gnu_cs/arm/4.8.4/bin/../lib/gcc/arm-none-eabi/4.8.4/armv6-m/crtend.o
 *(.got.plt)
 *(.got)
 *(.shdata)
 *(.data .data.* .gnu.linkonce.d.*)
 .data          0x200000cc        0x4 .\CortexM0\ARM_GCC_484\Debug\PHProbe.a(cyfitter_cfg.o)
 .data          0x200000d0       0x10 .\CortexM0\ARM_GCC_484\Debug\PHProbe.a(CyLib.o)
                0x200000d0                cydelayFreqHz
                0x200000d4                cydelayFreqKhz
                0x200000d8                cydelayFreqMhz
                0x200000dc                cydelay32kMs
                0x200000e0                . = ALIGN (0x8)
 *(.ram)
                0x200000e0                _edata = .

.igot.plt       0x200000e0        0x0 load address 0x00001890
 .igot.plt      0x00000000        0x0 c:/program files (x86)/cypress/psoc creator/3.1/psoc creator/import/gnu_cs/arm/4.8.4/bin/../lib/gcc/arm-none-eabi/4.8.4/armv6-m/crtbegin.o

.bss            0x200000e0       0x48 load address 0x00001890
                0x200000e0                PROVIDE (__bss_start__, .)
 *(.shbss)
 *(.bss .bss.* .gnu.linkonce.b.*)
 .bss           0x200000e0       0x1c c:/program files (x86)/cypress/psoc creator/3.1/psoc creator/import/gnu_cs/arm/4.8.4/bin/../lib/gcc/arm-none-eabi/4.8.4/armv6-m/crtbegin.o
 .bss           0x200000fc        0x8 .\CortexM0\ARM_GCC_484\Debug\PHProbe.a(Opamp_1.o)
                0x200000fc                Opamp_1_initVar
 .bss           0x20000104        0x1 .\CortexM0\ARM_GCC_484\Debug\PHProbe.a(ADC.o)
                0x20000104                ADC_initVar
 *(COMMON)
 *fill*         0x20000105        0x3 
 COMMON         0x20000108       0x14 .\CortexM0\ARM_GCC_484\Debug\main.o
                0x20000108                phVal
                0x2000010c                adcResult
                0x20000110                ph7
                0x20000114                adcResultmV
                0x20000118                ph4
 COMMON         0x2000011c        0x6 .\CortexM0\ARM_GCC_484\Debug\PHProbe.a(ADC.o)
                0x2000011c                ADC_countsPer10Volt
                0x20000120                ADC_offset
                0x20000128                . = ALIGN (0x8)
 *fill*         0x20000122        0x6 
 *(.ram.b)
                0x20000128                _end = .
                0x20000128                __end = .
                0x20000128                PROVIDE (end, .)
                0x20000128                PROVIDE (__bss_end__, .)
                0x00001878                __cy_region_init_ram = LOADADDR (.data)
                0x00000018                __cy_region_init_size_ram = (_edata - ADDR (.data))
                0x00000048                __cy_region_zero_size_ram = (_end - _edata)

.heap           0x20000128       0x80 load address 0x00001890
                0x20000128                . = _end
                0x200001a8                . = (. + 0x80)
 *fill*         0x20000128       0x80 
                0x200001a8                __cy_heap_limit = .

.stack          0x20000c00      0x400
                0x20000c00                __cy_stack_limit = .
                0x20001000                . = (. + 0x400)
 *fill*         0x20000c00      0x400 
                0x00000001                ASSERT ((__cy_stack_limit >= __cy_heap_limit), region RAM overflowed with stack)

.cyloadermeta
 *(.cyloadermeta)

.cyloadablemeta
 *(.cyloadablemeta)

.cyflashprotect
                0x90400000       0x20
 *(.cyflashprotect)
 .cyflashprotect
                0x90400000       0x20 .\CortexM0\ARM_GCC_484\Debug\cymetadata.o
                0x90400000                cy_meta_flashprotect

.cymeta         0x90500000        0xc
 *(.cymeta)
 .cymeta        0x90500000        0xc .\CortexM0\ARM_GCC_484\Debug\cymetadata.o
                0x90500000                cy_metadata

.cychipprotect  0x90600000        0x4
 *(.cychipprotect)
 .cychipprotect
                0x90600000        0x4 .\CortexM0\ARM_GCC_484\Debug\cymetadata.o
                0x90600000                cy_meta_chipprotect

.rel.dyn        0x00001890        0x0 load address 0x90600004
 .rel.iplt      0x00000000        0x0 c:/program files (x86)/cypress/psoc creator/3.1/psoc creator/import/gnu_cs/arm/4.8.4/bin/../lib/gcc/arm-none-eabi/4.8.4/armv6-m/crtbegin.o

.stab
 *(.stab)

.stabstr
 *(.stabstr)

.debug
 *(.debug)

.line
 *(.line)

.debug_srcinfo
 *(.debug_srcinfo)

.debug_sfnames
 *(.debug_sfnames)

.debug_aranges  0x00000000      0x598
 *(.debug_aranges)
 .debug_aranges
                0x00000000       0x38 .\CortexM0\ARM_GCC_484\Debug\main.o
 .debug_aranges
                0x00000038       0x18 .\CortexM0\ARM_GCC_484\Debug\cymetadata.o
 .debug_aranges
                0x00000050       0x48 .\CortexM0\ARM_GCC_484\Debug\Cm0Start.o
 .debug_aranges
                0x00000098       0x60 .\CortexM0\ARM_GCC_484\Debug\PHProbe.a(cyfitter_cfg.o)
 .debug_aranges
                0x000000f8       0x48 .\CortexM0\ARM_GCC_484\Debug\PHProbe.a(Opamp_1.o)
 .debug_aranges
                0x00000140       0x20 .\CortexM0\ARM_GCC_484\Debug\PHProbe.a(CyBootAsmGnu.o)
 .debug_aranges
                0x00000160      0x230 .\CortexM0\ARM_GCC_484\Debug\PHProbe.a(CyLib.o)
 .debug_aranges
                0x00000390       0x40 .\CortexM0\ARM_GCC_484\Debug\PHProbe.a(RED_LED.o)
 .debug_aranges
                0x000003d0       0x40 .\CortexM0\ARM_GCC_484\Debug\PHProbe.a(GREEN_LED.o)
 .debug_aranges
                0x00000410       0x80 .\CortexM0\ARM_GCC_484\Debug\PHProbe.a(Calibrate.o)
 .debug_aranges
                0x00000490       0xa8 .\CortexM0\ARM_GCC_484\Debug\PHProbe.a(ADC.o)
 .debug_aranges
                0x00000538       0x20 .\CortexM0\ARM_GCC_484\Debug\PHProbe.a(ADC_INT.o)
 .debug_aranges
                0x00000558       0x40 .\CortexM0\ARM_GCC_484\Debug\PHProbe.a(CALI.o)

.debug_pubnames
 *(.debug_pubnames)

.debug_info     0x00000000     0x23bb
 *(.debug_info .gnu.linkonce.wi.*)
 .debug_info    0x00000000      0x184 .\CortexM0\ARM_GCC_484\Debug\main.o
 .debug_info    0x00000184       0xfd .\CortexM0\ARM_GCC_484\Debug\cymetadata.o
 .debug_info    0x00000281      0x2ff .\CortexM0\ARM_GCC_484\Debug\Cm0Start.o
 .debug_info    0x00000580      0x488 .\CortexM0\ARM_GCC_484\Debug\PHProbe.a(cyfitter_cfg.o)
 .debug_info    0x00000a08      0x164 .\CortexM0\ARM_GCC_484\Debug\PHProbe.a(Opamp_1.o)
 .debug_info    0x00000b6c       0x97 .\CortexM0\ARM_GCC_484\Debug\PHProbe.a(CyBootAsmGnu.o)
 .debug_info    0x00000c03      0xc5b .\CortexM0\ARM_GCC_484\Debug\PHProbe.a(CyLib.o)
 .debug_info    0x0000185e      0x14c .\CortexM0\ARM_GCC_484\Debug\PHProbe.a(RED_LED.o)
 .debug_info    0x000019aa      0x14c .\CortexM0\ARM_GCC_484\Debug\PHProbe.a(GREEN_LED.o)
 .debug_info    0x00001af6      0x241 .\CortexM0\ARM_GCC_484\Debug\PHProbe.a(Calibrate.o)
 .debug_info    0x00001d37      0x474 .\CortexM0\ARM_GCC_484\Debug\PHProbe.a(ADC.o)
 .debug_info    0x000021ab       0xc4 .\CortexM0\ARM_GCC_484\Debug\PHProbe.a(ADC_INT.o)
 .debug_info    0x0000226f      0x14c .\CortexM0\ARM_GCC_484\Debug\PHProbe.a(CALI.o)

.debug_abbrev   0x00000000      0xce6
 *(.debug_abbrev)
 .debug_abbrev  0x00000000       0xc5 .\CortexM0\ARM_GCC_484\Debug\main.o
 .debug_abbrev  0x000000c5       0x5d .\CortexM0\ARM_GCC_484\Debug\cymetadata.o
 .debug_abbrev  0x00000122      0x1b4 .\CortexM0\ARM_GCC_484\Debug\Cm0Start.o
 .debug_abbrev  0x000002d6      0x1b3 .\CortexM0\ARM_GCC_484\Debug\PHProbe.a(cyfitter_cfg.o)
 .debug_abbrev  0x00000489       0xd3 .\CortexM0\ARM_GCC_484\Debug\PHProbe.a(Opamp_1.o)
 .debug_abbrev  0x0000055c       0x14 .\CortexM0\ARM_GCC_484\Debug\PHProbe.a(CyBootAsmGnu.o)
 .debug_abbrev  0x00000570      0x207 .\CortexM0\ARM_GCC_484\Debug\PHProbe.a(CyLib.o)
 .debug_abbrev  0x00000777       0xb7 .\CortexM0\ARM_GCC_484\Debug\PHProbe.a(RED_LED.o)
 .debug_abbrev  0x0000082e       0xb7 .\CortexM0\ARM_GCC_484\Debug\PHProbe.a(GREEN_LED.o)
 .debug_abbrev  0x000008e5      0x168 .\CortexM0\ARM_GCC_484\Debug\PHProbe.a(Calibrate.o)
 .debug_abbrev  0x00000a4d      0x170 .\CortexM0\ARM_GCC_484\Debug\PHProbe.a(ADC.o)
 .debug_abbrev  0x00000bbd       0x72 .\CortexM0\ARM_GCC_484\Debug\PHProbe.a(ADC_INT.o)
 .debug_abbrev  0x00000c2f       0xb7 .\CortexM0\ARM_GCC_484\Debug\PHProbe.a(CALI.o)

.debug_line     0x00000000     0x12a4
 *(.debug_line)
 .debug_line    0x00000000       0xb9 .\CortexM0\ARM_GCC_484\Debug\main.o
 .debug_line    0x000000b9       0x53 .\CortexM0\ARM_GCC_484\Debug\cymetadata.o
 .debug_line    0x0000010c      0x1bb .\CortexM0\ARM_GCC_484\Debug\Cm0Start.o
 .debug_line    0x000002c7      0x1c9 .\CortexM0\ARM_GCC_484\Debug\PHProbe.a(cyfitter_cfg.o)
 .debug_line    0x00000490       0xc5 .\CortexM0\ARM_GCC_484\Debug\PHProbe.a(Opamp_1.o)
 .debug_line    0x00000555       0x69 .\CortexM0\ARM_GCC_484\Debug\PHProbe.a(CyBootAsmGnu.o)
 .debug_line    0x000005be      0x703 .\CortexM0\ARM_GCC_484\Debug\PHProbe.a(CyLib.o)
 .debug_line    0x00000cc1       0xad .\CortexM0\ARM_GCC_484\Debug\PHProbe.a(RED_LED.o)
 .debug_line    0x00000d6e       0xaf .\CortexM0\ARM_GCC_484\Debug\PHProbe.a(GREEN_LED.o)
 .debug_line    0x00000e1d      0x148 .\CortexM0\ARM_GCC_484\Debug\PHProbe.a(Calibrate.o)
 .debug_line    0x00000f65      0x231 .\CortexM0\ARM_GCC_484\Debug\PHProbe.a(ADC.o)
 .debug_line    0x00001196       0x64 .\CortexM0\ARM_GCC_484\Debug\PHProbe.a(ADC_INT.o)
 .debug_line    0x000011fa       0xaa .\CortexM0\ARM_GCC_484\Debug\PHProbe.a(CALI.o)

.debug_frame    0x00000000     0x1474
 *(.debug_frame)
 .debug_frame   0x00000000       0x8c .\CortexM0\ARM_GCC_484\Debug\main.o
 .debug_frame   0x0000008c       0xc8 .\CortexM0\ARM_GCC_484\Debug\Cm0Start.o
 .debug_frame   0x00000154      0x128 .\CortexM0\ARM_GCC_484\Debug\PHProbe.a(cyfitter_cfg.o)
 .debug_frame   0x0000027c       0xc0 .\CortexM0\ARM_GCC_484\Debug\PHProbe.a(Opamp_1.o)
 .debug_frame   0x0000033c      0x83c .\CortexM0\ARM_GCC_484\Debug\PHProbe.a(CyLib.o)
 .debug_frame   0x00000b78       0xa8 .\CortexM0\ARM_GCC_484\Debug\PHProbe.a(RED_LED.o)
 .debug_frame   0x00000c20       0xa8 .\CortexM0\ARM_GCC_484\Debug\PHProbe.a(GREEN_LED.o)
 .debug_frame   0x00000cc8      0x190 .\CortexM0\ARM_GCC_484\Debug\PHProbe.a(Calibrate.o)
 .debug_frame   0x00000e58      0x24c .\CortexM0\ARM_GCC_484\Debug\PHProbe.a(ADC.o)
 .debug_frame   0x000010a4       0x30 .\CortexM0\ARM_GCC_484\Debug\PHProbe.a(ADC_INT.o)
 .debug_frame   0x000010d4       0xa8 .\CortexM0\ARM_GCC_484\Debug\PHProbe.a(CALI.o)
 .debug_frame   0x0000117c       0x20 c:/program files (x86)/cypress/psoc creator/3.1/psoc creator/import/gnu_cs/arm/4.8.4/bin/../lib/gcc/arm-none-eabi/4.8.4/armv6-m\libgcc.a(_udivsi3.o)
 .debug_frame   0x0000119c       0x20 c:/program files (x86)/cypress/psoc creator/3.1/psoc creator/import/gnu_cs/arm/4.8.4/bin/../lib/gcc/arm-none-eabi/4.8.4/armv6-m\libgcc.a(_divsi3.o)
 .debug_frame   0x000011bc       0x30 c:/program files (x86)/cypress/psoc creator/3.1/psoc creator/import/gnu_cs/arm/4.8.4/bin/../lib/gcc/arm-none-eabi/4.8.4/armv6-m\libgcc.a(_muldi3.o)
 .debug_frame   0x000011ec       0x50 c:/program files (x86)/cypress/psoc creator/3.1/psoc creator/import/gnu_cs/arm/4.8.4/bin/../lib/gcc/arm-none-eabi/4.8.4/armv6-m\libgcc.a(bpabi.o)
 .debug_frame   0x0000123c       0x30 c:/program files (x86)/cypress/psoc creator/3.1/psoc creator/import/gnu_cs/arm/4.8.4/bin/../lib/gcc/arm-none-eabi/4.8.4/armv6-m\libgcc.a(addsf3.o)
 .debug_frame   0x0000126c       0x3c c:/program files (x86)/cypress/psoc creator/3.1/psoc creator/import/gnu_cs/arm/4.8.4/bin/../lib/gcc/arm-none-eabi/4.8.4/armv6-m\libgcc.a(divsf3.o)
 .debug_frame   0x000012a8       0x3c c:/program files (x86)/cypress/psoc creator/3.1/psoc creator/import/gnu_cs/arm/4.8.4/bin/../lib/gcc/arm-none-eabi/4.8.4/armv6-m\libgcc.a(mulsf3.o)
 .debug_frame   0x000012e4       0x30 c:/program files (x86)/cypress/psoc creator/3.1/psoc creator/import/gnu_cs/arm/4.8.4/bin/../lib/gcc/arm-none-eabi/4.8.4/armv6-m\libgcc.a(subsf3.o)
 .debug_frame   0x00001314       0x2c c:/program files (x86)/cypress/psoc creator/3.1/psoc creator/import/gnu_cs/arm/4.8.4/bin/../lib/gcc/arm-none-eabi/4.8.4/armv6-m\libgcc.a(floatsisf.o)
 .debug_frame   0x00001340       0x3c c:/program files (x86)/cypress/psoc creator/3.1/psoc creator/import/gnu_cs/arm/4.8.4/bin/../lib/gcc/arm-none-eabi/4.8.4/armv6-m\libgcc.a(_divdi3.o)
 .debug_frame   0x0000137c       0x3c c:/program files (x86)/cypress/psoc creator/3.1/psoc creator/import/gnu_cs/arm/4.8.4/bin/../lib/gcc/arm-none-eabi/4.8.4/armv6-m\libgcc.a(_udivdi3.o)
 .debug_frame   0x000013b8       0x20 c:/program files (x86)/cypress/psoc creator/3.1/psoc creator/import/gnu_cs/arm/4.8.4/bin/../lib/gcc/arm-none-eabi/4.8.4/../../../../arm-none-eabi/lib/armv6-m\libg_s.a(lib_a-errno.o)
 .debug_frame   0x000013d8       0x28 c:/program files (x86)/cypress/psoc creator/3.1/psoc creator/import/gnu_cs/arm/4.8.4/bin/../lib/gcc/arm-none-eabi/4.8.4/../../../../arm-none-eabi/lib/armv6-m\libg_s.a(lib_a-exit.o)
 .debug_frame   0x00001400       0x2c c:/program files (x86)/cypress/psoc creator/3.1/psoc creator/import/gnu_cs/arm/4.8.4/bin/../lib/gcc/arm-none-eabi/4.8.4/../../../../arm-none-eabi/lib/armv6-m\libg_s.a(lib_a-init.o)
 .debug_frame   0x0000142c       0x28 c:/program files (x86)/cypress/psoc creator/3.1/psoc creator/import/gnu_cs/arm/4.8.4/bin/../lib/gcc/arm-none-eabi/4.8.4/../../../../arm-none-eabi/lib/armv6-m\libg_s.a(lib_a-memcpy-stub.o)
 .debug_frame   0x00001454       0x20 c:/program files (x86)/cypress/psoc creator/3.1/psoc creator/import/gnu_cs/arm/4.8.4/bin/../lib/gcc/arm-none-eabi/4.8.4/../../../../arm-none-eabi/lib/armv6-m\libg_s.a(lib_a-memset.o)

.debug_str      0x00000000     0x1153
 *(.debug_str)
 .debug_str     0x00000000      0x16d .\CortexM0\ARM_GCC_484\Debug\main.o
                                0x1b8 (size before relaxing)
 .debug_str     0x0000016d       0x61 .\CortexM0\ARM_GCC_484\Debug\cymetadata.o
                                0x1c3 (size before relaxing)
 .debug_str     0x000001ce      0x135 .\CortexM0\ARM_GCC_484\Debug\Cm0Start.o
                                0x2b1 (size before relaxing)
 .debug_str     0x00000303      0x1c6 .\CortexM0\ARM_GCC_484\Debug\PHProbe.a(cyfitter_cfg.o)
                                0x378 (size before relaxing)
 .debug_str     0x000004c9       0xb1 .\CortexM0\ARM_GCC_484\Debug\PHProbe.a(Opamp_1.o)
                                0x21d (size before relaxing)
 .debug_str     0x0000057a      0x719 .\CortexM0\ARM_GCC_484\Debug\PHProbe.a(CyLib.o)
                                0x8ca (size before relaxing)
 .debug_str     0x00000c93       0x91 .\CortexM0\ARM_GCC_484\Debug\PHProbe.a(RED_LED.o)
                                0x208 (size before relaxing)
 .debug_str     0x00000d24       0x8a .\CortexM0\ARM_GCC_484\Debug\PHProbe.a(GREEN_LED.o)
                                0x214 (size before relaxing)
 .debug_str     0x00000dae      0x12f .\CortexM0\ARM_GCC_484\Debug\PHProbe.a(Calibrate.o)
                                0x2de (size before relaxing)
 .debug_str     0x00000edd      0x1d3 .\CortexM0\ARM_GCC_484\Debug\PHProbe.a(ADC.o)
                                0x37c (size before relaxing)
 .debug_str     0x000010b0       0x37 .\CortexM0\ARM_GCC_484\Debug\PHProbe.a(ADC_INT.o)
                                0x1a6 (size before relaxing)
 .debug_str     0x000010e7       0x6c .\CortexM0\ARM_GCC_484\Debug\PHProbe.a(CALI.o)
                                0x1f6 (size before relaxing)

.debug_loc
 *(.debug_loc)

.debug_macinfo
 *(.debug_macinfo)

.debug_ranges   0x00000000      0x4b0
 *(.debug_ranges)
 .debug_ranges  0x00000000       0x28 .\CortexM0\ARM_GCC_484\Debug\main.o
 .debug_ranges  0x00000028       0x38 .\CortexM0\ARM_GCC_484\Debug\Cm0Start.o
 .debug_ranges  0x00000060       0x50 .\CortexM0\ARM_GCC_484\Debug\PHProbe.a(cyfitter_cfg.o)
 .debug_ranges  0x000000b0       0x38 .\CortexM0\ARM_GCC_484\Debug\PHProbe.a(Opamp_1.o)
 .debug_ranges  0x000000e8      0x220 .\CortexM0\ARM_GCC_484\Debug\PHProbe.a(CyLib.o)
 .debug_ranges  0x00000308       0x30 .\CortexM0\ARM_GCC_484\Debug\PHProbe.a(RED_LED.o)
 .debug_ranges  0x00000338       0x30 .\CortexM0\ARM_GCC_484\Debug\PHProbe.a(GREEN_LED.o)
 .debug_ranges  0x00000368       0x70 .\CortexM0\ARM_GCC_484\Debug\PHProbe.a(Calibrate.o)
 .debug_ranges  0x000003d8       0x98 .\CortexM0\ARM_GCC_484\Debug\PHProbe.a(ADC.o)
 .debug_ranges  0x00000470       0x10 .\CortexM0\ARM_GCC_484\Debug\PHProbe.a(ADC_INT.o)
 .debug_ranges  0x00000480       0x30 .\CortexM0\ARM_GCC_484\Debug\PHProbe.a(CALI.o)

.comment        0x00000000       0x70
 .comment       0x00000000       0x70 .\CortexM0\ARM_GCC_484\Debug\main.o
                                 0x71 (size before relaxing)
 .comment       0x00000000       0x71 .\CortexM0\ARM_GCC_484\Debug\cymetadata.o
 .comment       0x00000000       0x71 .\CortexM0\ARM_GCC_484\Debug\Cm0Start.o
 .comment       0x00000000       0x71 .\CortexM0\ARM_GCC_484\Debug\PHProbe.a(cyfitter_cfg.o)
 .comment       0x00000000       0x71 .\CortexM0\ARM_GCC_484\Debug\PHProbe.a(Opamp_1.o)
 .comment       0x00000000       0x71 .\CortexM0\ARM_GCC_484\Debug\PHProbe.a(CyLib.o)
 .comment       0x00000000       0x71 .\CortexM0\ARM_GCC_484\Debug\PHProbe.a(RED_LED.o)
 .comment       0x00000000       0x71 .\CortexM0\ARM_GCC_484\Debug\PHProbe.a(GREEN_LED.o)
 .comment       0x00000000       0x71 .\CortexM0\ARM_GCC_484\Debug\PHProbe.a(Calibrate.o)
 .comment       0x00000000       0x71 .\CortexM0\ARM_GCC_484\Debug\PHProbe.a(ADC.o)
 .comment       0x00000000       0x71 .\CortexM0\ARM_GCC_484\Debug\PHProbe.a(ADC_INT.o)
 .comment       0x00000000       0x71 .\CortexM0\ARM_GCC_484\Debug\PHProbe.a(CALI.o)

.debug_weaknames
 *(.debug_weaknames)

.debug_funcnames
 *(.debug_funcnames)

.debug_typenames
 *(.debug_typenames)

.debug_varnames
 *(.debug_varnames)

.note.gnu.arm.ident
 *(.note.gnu.arm.ident)

.ARM.attributes
                0x00000000       0x28
 *(.ARM.attributes)
 .ARM.attributes
                0x00000000       0x1e c:/program files (x86)/cypress/psoc creator/3.1/psoc creator/import/gnu_cs/arm/4.8.4/bin/../lib/gcc/arm-none-eabi/4.8.4/armv6-m/crti.o
 .ARM.attributes
                0x0000001e       0x2c c:/program files (x86)/cypress/psoc creator/3.1/psoc creator/import/gnu_cs/arm/4.8.4/bin/../lib/gcc/arm-none-eabi/4.8.4/armv6-m/crtbegin.o
 .ARM.attributes
                0x0000004a       0x1b c:/program files (x86)/cypress/psoc creator/3.1/psoc creator/import/gnu_cs/arm/4.8.4/bin/../lib/gcc/arm-none-eabi/4.8.4/../../../../arm-none-eabi/lib/armv6-m/crt0.o
 .ARM.attributes
                0x00000065       0x31 .\CortexM0\ARM_GCC_484\Debug\main.o
 .ARM.attributes
                0x00000096       0x31 .\CortexM0\ARM_GCC_484\Debug\cymetadata.o
 .ARM.attributes
                0x000000c7       0x31 .\CortexM0\ARM_GCC_484\Debug\Cm0Start.o
 .ARM.attributes
                0x000000f8       0x31 .\CortexM0\ARM_GCC_484\Debug\PHProbe.a(cyfitter_cfg.o)
 .ARM.attributes
                0x00000129       0x31 .\CortexM0\ARM_GCC_484\Debug\PHProbe.a(Opamp_1.o)
 .ARM.attributes
                0x0000015a       0x21 .\CortexM0\ARM_GCC_484\Debug\PHProbe.a(CyBootAsmGnu.o)
 .ARM.attributes
                0x0000017b       0x31 .\CortexM0\ARM_GCC_484\Debug\PHProbe.a(CyLib.o)
 .ARM.attributes
                0x000001ac       0x31 .\CortexM0\ARM_GCC_484\Debug\PHProbe.a(RED_LED.o)
 .ARM.attributes
                0x000001dd       0x31 .\CortexM0\ARM_GCC_484\Debug\PHProbe.a(GREEN_LED.o)
 .ARM.attributes
                0x0000020e       0x31 .\CortexM0\ARM_GCC_484\Debug\PHProbe.a(Calibrate.o)
 .ARM.attributes
                0x0000023f       0x31 .\CortexM0\ARM_GCC_484\Debug\PHProbe.a(ADC.o)
 .ARM.attributes
                0x00000270       0x31 .\CortexM0\ARM_GCC_484\Debug\PHProbe.a(ADC_INT.o)
 .ARM.attributes
                0x000002a1       0x31 .\CortexM0\ARM_GCC_484\Debug\PHProbe.a(CALI.o)
 .ARM.attributes
                0x000002d2       0x1e c:/program files (x86)/cypress/psoc creator/3.1/psoc creator/import/gnu_cs/arm/4.8.4/bin/../lib/gcc/arm-none-eabi/4.8.4/armv6-m\libgcc.a(_udivsi3.o)
 .ARM.attributes
                0x000002f0       0x1e c:/program files (x86)/cypress/psoc creator/3.1/psoc creator/import/gnu_cs/arm/4.8.4/bin/../lib/gcc/arm-none-eabi/4.8.4/armv6-m\libgcc.a(_divsi3.o)
 .ARM.attributes
                0x0000030e       0x1e c:/program files (x86)/cypress/psoc creator/3.1/psoc creator/import/gnu_cs/arm/4.8.4/bin/../lib/gcc/arm-none-eabi/4.8.4/armv6-m\libgcc.a(_dvmd_tls.o)
 .ARM.attributes
                0x0000032c       0x1e c:/program files (x86)/cypress/psoc creator/3.1/psoc creator/import/gnu_cs/arm/4.8.4/bin/../lib/gcc/arm-none-eabi/4.8.4/armv6-m\libgcc.a(_aeabi_ldivmod.o)
 .ARM.attributes
                0x0000034a       0x2c c:/program files (x86)/cypress/psoc creator/3.1/psoc creator/import/gnu_cs/arm/4.8.4/bin/../lib/gcc/arm-none-eabi/4.8.4/armv6-m\libgcc.a(_muldi3.o)
 .ARM.attributes
                0x00000376       0x2c c:/program files (x86)/cypress/psoc creator/3.1/psoc creator/import/gnu_cs/arm/4.8.4/bin/../lib/gcc/arm-none-eabi/4.8.4/armv6-m\libgcc.a(bpabi.o)
 .ARM.attributes
                0x000003a2       0x2c c:/program files (x86)/cypress/psoc creator/3.1/psoc creator/import/gnu_cs/arm/4.8.4/bin/../lib/gcc/arm-none-eabi/4.8.4/armv6-m\libgcc.a(addsf3.o)
 .ARM.attributes
                0x000003ce       0x2c c:/program files (x86)/cypress/psoc creator/3.1/psoc creator/import/gnu_cs/arm/4.8.4/bin/../lib/gcc/arm-none-eabi/4.8.4/armv6-m\libgcc.a(divsf3.o)
 .ARM.attributes
                0x000003fa       0x2c c:/program files (x86)/cypress/psoc creator/3.1/psoc creator/import/gnu_cs/arm/4.8.4/bin/../lib/gcc/arm-none-eabi/4.8.4/armv6-m\libgcc.a(mulsf3.o)
 .ARM.attributes
                0x00000426       0x2c c:/program files (x86)/cypress/psoc creator/3.1/psoc creator/import/gnu_cs/arm/4.8.4/bin/../lib/gcc/arm-none-eabi/4.8.4/armv6-m\libgcc.a(subsf3.o)
 .ARM.attributes
                0x00000452       0x2c c:/program files (x86)/cypress/psoc creator/3.1/psoc creator/import/gnu_cs/arm/4.8.4/bin/../lib/gcc/arm-none-eabi/4.8.4/armv6-m\libgcc.a(floatsisf.o)
 .ARM.attributes
                0x0000047e       0x1e c:/program files (x86)/cypress/psoc creator/3.1/psoc creator/import/gnu_cs/arm/4.8.4/bin/../lib/gcc/arm-none-eabi/4.8.4/armv6-m\libgcc.a(_clzsi2.o)
 .ARM.attributes
                0x0000049c       0x2c c:/program files (x86)/cypress/psoc creator/3.1/psoc creator/import/gnu_cs/arm/4.8.4/bin/../lib/gcc/arm-none-eabi/4.8.4/armv6-m\libgcc.a(_divdi3.o)
 .ARM.attributes
                0x000004c8       0x2c c:/program files (x86)/cypress/psoc creator/3.1/psoc creator/import/gnu_cs/arm/4.8.4/bin/../lib/gcc/arm-none-eabi/4.8.4/armv6-m\libgcc.a(_udivdi3.o)
 .ARM.attributes
                0x000004f4       0x2c c:/program files (x86)/cypress/psoc creator/3.1/psoc creator/import/gnu_cs/arm/4.8.4/bin/../lib/gcc/arm-none-eabi/4.8.4/../../../../arm-none-eabi/lib/armv6-m\libg_s.a(lib_a-errno.o)
 .ARM.attributes
                0x00000520       0x2c c:/program files (x86)/cypress/psoc creator/3.1/psoc creator/import/gnu_cs/arm/4.8.4/bin/../lib/gcc/arm-none-eabi/4.8.4/../../../../arm-none-eabi/lib/armv6-m\libg_s.a(lib_a-exit.o)
 .ARM.attributes
                0x0000054c       0x2c c:/program files (x86)/cypress/psoc creator/3.1/psoc creator/import/gnu_cs/arm/4.8.4/bin/../lib/gcc/arm-none-eabi/4.8.4/../../../../arm-none-eabi/lib/armv6-m\libg_s.a(lib_a-impure.o)
 .ARM.attributes
                0x00000578       0x2c c:/program files (x86)/cypress/psoc creator/3.1/psoc creator/import/gnu_cs/arm/4.8.4/bin/../lib/gcc/arm-none-eabi/4.8.4/../../../../arm-none-eabi/lib/armv6-m\libg_s.a(lib_a-init.o)
 .ARM.attributes
                0x000005a4       0x2c c:/program files (x86)/cypress/psoc creator/3.1/psoc creator/import/gnu_cs/arm/4.8.4/bin/../lib/gcc/arm-none-eabi/4.8.4/../../../../arm-none-eabi/lib/armv6-m\libg_s.a(lib_a-memcpy-stub.o)
 .ARM.attributes
                0x000005d0       0x2c c:/program files (x86)/cypress/psoc creator/3.1/psoc creator/import/gnu_cs/arm/4.8.4/bin/../lib/gcc/arm-none-eabi/4.8.4/../../../../arm-none-eabi/lib/armv6-m\libg_s.a(lib_a-memset.o)
 .ARM.attributes
                0x000005fc       0x2c c:/program files (x86)/cypress/psoc creator/3.1/psoc creator/import/gnu_cs/arm/4.8.4/bin/../lib/gcc/arm-none-eabi/4.8.4/armv6-m/crtend.o
 .ARM.attributes
                0x00000628       0x1e c:/program files (x86)/cypress/psoc creator/3.1/psoc creator/import/gnu_cs/arm/4.8.4/bin/../lib/gcc/arm-none-eabi/4.8.4/armv6-m/crtn.o

/DISCARD/
 *(.note.GNU-stack)
OUTPUT(.\CortexM0\ARM_GCC_484\Debug\PHProbe.elf elf32-littlearm)
